 rfc-v4.2.4

 Timestamp is 567fe8d2 (Sun Dec 27 14:34:10 2015)

 Preferred load address is 0000000180000000

 Start         Length     Name                   Class
 0001:00000000 000001dbH .text                   CODE
 0001:000001e0 00000017H .text$di                CODE
 0001:00000200 00013de7H .text$mn                CODE
 0001:00013ff0 00000012H .text$mn$00             CODE
 0001:00014010 00000260H .text$x                 CODE
 0001:00014270 000000a3H .text$yd                CODE
 0002:00000000 000003d0H .idata$5                DATA
 0002:000003d0 00000010H .00cfg                  DATA
 0002:000003e0 00000008H .CRT$XCA                DATA
 0002:000003e8 00000010H .CRT$XCU                DATA
 0002:000003f8 00000008H .CRT$XCZ                DATA
 0002:00000400 00000008H .CRT$XIA                DATA
 0002:00000408 00000020H .CRT$XIC                DATA
 0002:00000428 00000008H .CRT$XIZ                DATA
 0002:00000430 00000008H .CRT$XLA                DATA
 0002:00000438 00000008H .CRT$XLZ                DATA
 0002:00000440 00000008H .CRT$XPA                DATA
 0002:00000448 00000010H .CRT$XPX                DATA
 0002:00000458 00000008H .CRT$XPXA               DATA
 0002:00000460 00000008H .CRT$XPZ                DATA
 0002:00000468 00000008H .CRT$XTA                DATA
 0002:00000470 00000008H .CRT$XTZ                DATA
 0002:00000480 00008274H .rdata                  DATA
 0002:000086f8 00000028H .rdata$T                DATA
 0002:00008720 00000384H .rdata$r                DATA
 0002:00008aa8 00000010H .rdata$zETW0            DATA
 0002:00008ab8 00000077H .rdata$zETW1            DATA
 0002:00008b2f 0000002cH .rdata$zETW2            DATA
 0002:00008b5b 00000001H .rdata$zETW9            DATA
 0002:00008b5c 000004ccH .rdata$zzzdbg           DATA
 0002:00009028 00000008H .rtc$IAA                DATA
 0002:00009030 00000008H .rtc$IZZ                DATA
 0002:00009038 00000008H .rtc$TAA                DATA
 0002:00009040 00000008H .rtc$TZZ                DATA
 0002:00009048 00000efcH .xdata                  DATA
 0002:00009f48 000001e4H .xdata$x                DATA
 0002:0000a12c 00000020H .didat$2                DATA
 0002:0000a14c 00000020H .didat$3                DATA
 0002:0000a170 000001f0H .didat$4                DATA
 0002:0000a360 00000d50H .didat$6                DATA
 0002:0000b0b0 000001f0H .didat$7                DATA
 0002:0000b2a0 00000051H .edata                  DATA
 0002:0000b2f4 0000003cH .idata$2                DATA
 0002:0000b330 00000014H .idata$3                DATA
 0002:0000b348 000003d0H .idata$4                DATA
 0002:0000b718 00000894H .idata$6                DATA
 0003:00000000 00000988H .data                   DATA
 0003:00000988 00000117H .data$r                 DATA
 0003:00000aa0 000001f0H .didat$5                DATA
 0003:00000c90 00001160H .bss                    DATA
 0004:00000000 000012fcH .pdata                  DATA
 0005:00000000 0000007cH .gfids$x                DATA
 0005:0000007c 00000058H .gfids$y                DATA
 0006:00000000 00000001H .tls                    DATA
 0006:00000004 00000004H .tls$                   DATA
 0006:00000008 00000001H .tls$ZZZ                DATA
 0007:00000000 00000058H .rsrc$01                DATA
 0007:00000060 00000180H .rsrc$02                DATA

  Address         Publics by Value              Rva+Base               Lib:Object

 0000:00000000       __guard_iat_table          0000000000000000     <absolute>
 0000:00000000       __guard_iat_count          0000000000000000     <absolute>
 0000:00000000       __guard_longjmp_table      0000000000000000     <absolute>
 0000:00000000       __guard_longjmp_count      0000000000000000     <absolute>
 0000:00000000       __guard_fids_count         0000000000000000     <absolute>
 0000:00000000       ___safe_se_handler_table   0000000000000000     <absolute>
 0000:00000000       ___safe_se_handler_count   0000000000000000     <absolute>
 0000:00000000       __guard_fids_table         0000000000000000     <absolute>
 0000:00000100       __guard_flags              0000000000000100     <absolute>
 0000:00000000       __ImageBase                0000000180000000     <linker-defined>
 0001:00000000       ?TraceLoggingRegister@__vcrt_trace_logging_provider@@YAJPEBU_TlgProvider_t@1@PEBU_GUID@@P6AX1KE_K2PEAU_EVENT_FILTER_DESCRIPTOR@@PEAX@Z4@Z 0000000180001000 f i libvcruntime:telemetry.obj
 0001:0000007c       ?_TlgEnableCallback@__vcrt_trace_logging_provider@@YAXPEBU_GUID@@KE_K1PEAU_EVENT_FILTER_DESCRIPTOR@@PEAX@Z 000000018000107c f i libvcruntime:telemetry.obj
 0001:00000140       ?_TlgWrite@__vcrt_trace_logging_provider@@YAJPEBU_TlgProvider_t@1@PEFBXPEBU_GUID@@2IPEAU_EVENT_DATA_DESCRIPTOR@@@Z 0000000180001140 f i libvcruntime:telemetry.obj
 0001:00000200       ?InitAll@@YAXV?$Local@VObject@v8@@@v8@@@Z 0000000180001200 f   rfc.obj
 0001:00000220       __local_stdio_printf_options 0000000180001220 f i error.obj
 0001:00000230       sprintf                    0000000180001230 f i error.obj
 0001:00000290       ?RfcLibError@@YA?AV?$Local@VObject@v8@@@v8@@PEAU_RFC_ERROR_INFO@@PEAVIsolate@2@@Z 0000000180001290 f   error.obj
 0001:00000390       ?AbapError@@YA?AV?$Local@VObject@v8@@@v8@@PEAU_RFC_ERROR_INFO@@PEAVIsolate@2@@Z 0000000180001390 f   error.obj
 0001:000006f0       ?wrapError@@YA?AV?$Local@VValue@v8@@@v8@@PEAU_RFC_ERROR_INFO@@@Z 00000001800016f0 f   error.obj
 0001:00000860       ?convertToString@@YA?AV?$basic_string@DU?$char_traits@D@std@@V?$allocator@D@2@@std@@AEBV?$Local@VValue@v8@@@v8@@@Z 0000000180001860 f   rfcio.obj
 0001:00000970       ?fillString@@YAPEA_WAEBV?$Local@VValue@v8@@@v8@@@Z 0000000180001970 f   rfcio.obj
 0001:00000ac0       ?fillVariable@@YA?AV?$Local@VValue@v8@@@v8@@W4_RFCTYPE@@PEAURFC_DATA_CONTAINER@@PEA_WV12@PEAU_RFC_TYPE_DESC_HANDLE@@@Z 0000000180001ac0 f   rfcio.obj
 0001:00001300       ?fillFunctionParameter@@YA?AV?$Local@VValue@v8@@@v8@@PEAU_RFC_FUNCTION_DESC_HANDLE@@PEAURFC_DATA_CONTAINER@@V12@2@Z 0000000180002300 f   rfcio.obj
 0001:00001400       ?wrapResult@@YA?AV?$Local@VObject@v8@@@v8@@PEAU_RFC_FUNCTION_DESC_HANDLE@@PEAURFC_DATA_CONTAINER@@_N@Z 0000000180002400 f   rfcio.obj
 0001:00001620       ?wrapString@@YA?AV?$Local@VValue@v8@@@v8@@PEA_WH_N@Z 0000000180002620 f   rfcio.obj
 0001:000017d0       ?wrapStructure@@YA?AV?$Local@VValue@v8@@@v8@@PEAU_RFC_TYPE_DESC_HANDLE@@PEAURFC_DATA_CONTAINER@@_N@Z 00000001800027d0 f   rfcio.obj
 0001:000019f0       ?wrapVariable@@YA?AV?$Local@VValue@v8@@@v8@@W4_RFCTYPE@@PEAURFC_DATA_CONTAINER@@PEA_WIPEAU_RFC_TYPE_DESC_HANDLE@@_N@Z 00000001800029f0 f   rfcio.obj
 0001:00002100       ?assign@?$basic_string@DU?$char_traits@D@std@@V?$allocator@D@2@@std@@QEAAAEAV12@PEBD_K@Z 0000000180003100 f i rfcio.obj
 0001:00002240       ?assign@?$basic_string@DU?$char_traits@D@std@@V?$allocator@D@2@@std@@QEAAAEAV12@AEBV12@_K1@Z 0000000180003240 f i rfcio.obj
 0001:00002330       ?_Grow@?$basic_string@DU?$char_traits@D@std@@V?$allocator@D@2@@std@@QEAA_N_K_N@Z 0000000180003330 f i rfcio.obj
 0001:000023a0       ?erase@?$basic_string@DU?$char_traits@D@std@@V?$allocator@D@2@@std@@QEAAAEAV12@_K0@Z 00000001800033a0 f i rfcio.obj
 0001:00002450       ?_Copy@?$basic_string@DU?$char_traits@D@std@@V?$allocator@D@2@@std@@QEAAX_K0@Z 0000000180003450 f i rfcio.obj
 0001:000025e0       ??$destroy@PEAD@?$_Wrap_alloc@V?$allocator@D@std@@@std@@QEAAXPEAPEAD@Z 00000001800035e0 f i rfcio.obj
 0001:000025e0       __except_validate_context_record 00000001800035e0 f i libvcruntime:jbcxrval.obj
 0001:000025e0       _guard_check_icall_nop     00000001800035e0 f i LIBCMT:guard_support.obj
 0001:000025f0       ?NODE_SET_PROTOTYPE_METHOD@node@@YAXV?$Local@VFunctionTemplate@v8@@@v8@@PEBDP6AXAEBV?$FunctionCallbackInfo@VValue@v8@@@3@@Z@Z 00000001800035f0 f i Client.obj
 0001:00002710       ?Wrap@ObjectWrap@node@@IEAAXV?$Local@VObject@v8@@@v8@@@Z 0000000180003710 f i Client.obj
 0001:000027a0       ?Ref@ObjectWrap@node@@MEAAXXZ 00000001800037a0 f i Client.obj
 0001:000027c0       ?Unref@ObjectWrap@node@@MEAAXXZ 00000001800037c0 f i Client.obj
 0001:00002800       ?WeakCallback@ObjectWrap@node@@CAXAEBV?$WeakCallbackData@VObject@v8@@VObjectWrap@node@@@v8@@@Z 0000000180003800 f i Client.obj
 0001:00002860       ??_GObjectWrap@node@@UEAAPEAXI@Z 0000000180003860 f i Client.obj
 0001:00002860       ??_EObjectWrap@node@@UEAAPEAXI@Z 0000000180003860 f i * CIL library *:* CIL module *
 0001:000028c0       ??_GClient@@EEAAPEAXI@Z    00000001800038c0 f i Client.obj
 0001:000028c0       ??_EClient@@EEAAPEAXI@Z    00000001800038c0 f i * CIL library *:* CIL module *
 0001:00002900       ??1Client@@EEAA@XZ         0000000180003900 f   Client.obj
 0001:000029f0       ?Init@Client@@SAXV?$Local@VObject@v8@@@v8@@@Z 00000001800039f0 f   Client.obj
 0001:00002bf0       ?New@Client@@CAXAEBV?$FunctionCallbackInfo@VValue@v8@@@v8@@@Z 0000000180003bf0 f   Client.obj
 0001:00002f60       ?ConnectAsync@Client@@CAXPEAUuv_work_s@@@Z 0000000180003f60 f   Client.obj
 0001:00002fa0       ?ConnectAsyncAfter@Client@@CAXPEAUuv_work_s@@@Z 0000000180003fa0 f   Client.obj
 0001:00003130       ?Connect@Client@@CAXAEBV?$FunctionCallbackInfo@VValue@v8@@@v8@@@Z 0000000180004130 f   Client.obj
 0001:000032d0       ?Close@Client@@CAXAEBV?$FunctionCallbackInfo@VValue@v8@@@v8@@@Z 00000001800042d0 f   Client.obj
 0001:00003390       ?Reopen@Client@@CAXAEBV?$FunctionCallbackInfo@VValue@v8@@@v8@@@Z 0000000180004390 f   Client.obj
 0001:000033d0       ?IsAlive@Client@@CAXAEBV?$FunctionCallbackInfo@VValue@v8@@@v8@@@Z 00000001800043d0 f   Client.obj
 0001:00003470       ?InvokeAsync@Client@@CAXPEAUuv_work_s@@@Z 0000000180004470 f   Client.obj
 0001:000034b0       ?InvokeAsyncAfter@Client@@CAXPEAUuv_work_s@@@Z 00000001800044b0 f   Client.obj
 0001:00003670       ?Invoke@Client@@CAXAEBV?$FunctionCallbackInfo@VValue@v8@@@v8@@@Z 0000000180004670 f   Client.obj
 0001:00003ae0       ?Ping@Client@@CAXAEBV?$FunctionCallbackInfo@VValue@v8@@@v8@@@Z 0000000180004ae0 f   Client.obj
 0001:00003ba0       ?ConnectionInfo@Client@@CAXAEBV?$FunctionCallbackInfo@VValue@v8@@@v8@@@Z 0000000180004ba0 f   Client.obj
 0001:00004ff0       ?GetVersion@Client@@CAXAEBV?$FunctionCallbackInfo@VValue@v8@@@v8@@@Z 0000000180005ff0 f   Client.obj
 0001:0000517c       __imp_load_node_module_register 000000018000617c f   node:node.exe
 0001:00005188       __tailMerge_node_exe       0000000180006188 f i node:node.exe
 0001:00005201       __imp_load_?New@Integer@v8@@SA?AV?$Local@VInteger@v8@@@2@PEAVIsolate@2@H@Z 0000000180006201 f   node:node.exe
 0001:0000520d       __imp_load_?GetCurrent@Isolate@v8@@SAPEAV12@XZ 000000018000620d f   node:node.exe
 0001:00005219       __imp_load_??1HandleScope@v8@@QEAA@XZ 0000000180006219 f   node:node.exe
 0001:00005225       __imp_load_?Error@Exception@v8@@SA?AV?$Local@VValue@v8@@@2@V?$Local@VString@v8@@@2@@Z 0000000180006225 f   node:node.exe
 0001:00005231       __imp_load_?Escape@EscapableHandleScope@v8@@AEAAPEAPEAVObject@internal@2@PEAPEAV342@@Z 0000000180006231 f   node:node.exe
 0001:0000523d       __imp_load_??0EscapableHandleScope@v8@@QEAA@PEAVIsolate@1@@Z 000000018000623d f   node:node.exe
 0001:00005249       __imp_load_?NewFromUtf8@String@v8@@SA?AV?$Local@VString@v8@@@2@PEAVIsolate@2@PEBDW4NewStringType@12@H@Z 0000000180006249 f   node:node.exe
 0001:00005255       __imp_load_?Set@Object@v8@@QEAA_NV?$Local@VValue@v8@@@2@0@Z 0000000180006255 f   node:node.exe
 0001:00005261       __imp_load_?ToObject@Value@v8@@QEBA?AV?$Local@VObject@v8@@@2@XZ 0000000180006261 f   node:node.exe
 0001:0000526d       __imp_load_?ToString@Value@v8@@QEBA?AV?$Local@VString@v8@@@2@XZ 000000018000626d f   node:node.exe
 0001:00005279       __imp_load_??0HandleScope@v8@@QEAA@PEAVIsolate@1@@Z 0000000180006279 f   node:node.exe
 0001:00005285       __imp_load_?New@Array@v8@@SA?AV?$Local@VArray@v8@@@2@PEAVIsolate@2@H@Z 0000000180006285 f   node:node.exe
 0001:00005291       __imp_load_?CloneElementAt@Array@v8@@QEAA?AV?$Local@VObject@v8@@@2@I@Z 0000000180006291 f   node:node.exe
 0001:0000529d       __imp_load_?Length@Array@v8@@QEBAIXZ 000000018000629d f   node:node.exe
 0001:000052a9       __imp_load_??1Utf8Value@String@v8@@QEAA@XZ 00000001800062a9 f   node:node.exe
 0001:000052b5       __imp_load_??0Utf8Value@String@v8@@QEAA@V?$Local@VValue@v8@@@2@@Z 00000001800062b5 f   node:node.exe
 0001:000052c1       __imp_load_?Value@Int32@v8@@QEBAHXZ 00000001800062c1 f   node:node.exe
 0001:000052cd       __imp_load_?New@Number@v8@@SA?AV?$Local@VNumber@v8@@@2@PEAVIsolate@2@N@Z 00000001800062cd f   node:node.exe
 0001:000052d9       __imp_load_?Value@Number@v8@@QEBANXZ 00000001800062d9 f   node:node.exe
 0001:000052e5       __imp_load_?New@Object@v8@@SA?AV?$Local@VObject@v8@@@2@PEAVIsolate@2@@Z 00000001800062e5 f   node:node.exe
 0001:000052f1       __imp_load_?GetPropertyNames@Object@v8@@QEAA?AV?$Local@VArray@v8@@@2@XZ 00000001800062f1 f   node:node.exe
 0001:000052fd       __imp_load_?Get@Object@v8@@QEAA?AV?$Local@VValue@v8@@@2@V32@@Z 00000001800062fd f   node:node.exe
 0001:00005309       __imp_load_?Get@Object@v8@@QEAA?AV?$Local@VValue@v8@@@2@I@Z 0000000180006309 f   node:node.exe
 0001:00005315       __imp_load_?ToInt32@Value@v8@@QEBA?AV?$Local@VInt32@v8@@@2@XZ 0000000180006315 f   node:node.exe
 0001:00005321       __imp_load_?ToNumber@Value@v8@@QEBA?AV?$Local@VNumber@v8@@@2@XZ 0000000180006321 f   node:node.exe
 0001:0000532d       __imp_load_uv_mutex_unlock 000000018000632d f   node:node.exe
 0001:00005339       __imp_load_uv_queue_work   0000000180006339 f   node:node.exe
 0001:00005345       __imp_load_?Global@Context@v8@@QEAA?AV?$Local@VObject@v8@@@2@XZ 0000000180006345 f   node:node.exe
 0001:00005351       __imp_load_?New@Signature@v8@@SA?AV?$Local@VSignature@v8@@@2@PEAVIsolate@2@V?$Local@VFunctionTemplate@v8@@@2@@Z 0000000180006351 f   node:node.exe
 0001:0000535d       __imp_load_?ThrowException@Isolate@v8@@QEAA?AV?$Local@VValue@v8@@@2@V32@@Z 000000018000635d f   node:node.exe
 0001:00005369       __imp_load_?GetCurrentContext@Isolate@v8@@QEAA?AV?$Local@VContext@v8@@@2@XZ 0000000180006369 f   node:node.exe
 0001:00005375       __imp_load_?CreateHandle@HandleScope@v8@@KAPEAPEAVObject@internal@2@PEAVIsolate@42@PEAV342@@Z 0000000180006375 f   node:node.exe
 0001:00005381       __imp_load_?Set@Template@v8@@QEAAXV?$Local@VName@v8@@@2@V?$Local@VData@v8@@@2@W4PropertyAttribute@2@@Z 0000000180006381 f   node:node.exe
 0001:0000538d       __imp_load_?TypeError@Exception@v8@@SA?AV?$Local@VValue@v8@@@2@V?$Local@VString@v8@@@2@@Z 000000018000638d f   node:node.exe
 0001:00005399       __imp_load_?SetClassName@FunctionTemplate@v8@@QEAAXV?$Local@VString@v8@@@2@@Z 0000000180006399 f   node:node.exe
 0001:000053a5       __imp_load_?PrototypeTemplate@FunctionTemplate@v8@@QEAA?AV?$Local@VObjectTemplate@v8@@@2@XZ 00000001800063a5 f   node:node.exe
 0001:000053b1       __imp_load_?InstanceTemplate@FunctionTemplate@v8@@QEAA?AV?$Local@VObjectTemplate@v8@@@2@XZ 00000001800063b1 f   node:node.exe
 0001:000053bd       __imp_load_?GetFunction@FunctionTemplate@v8@@QEAA?AV?$Local@VFunction@v8@@@2@XZ 00000001800063bd f   node:node.exe
 0001:000053c9       __imp_load_?New@FunctionTemplate@v8@@SA?AV?$Local@VFunctionTemplate@v8@@@2@PEAVIsolate@2@P6AXAEBV?$FunctionCallbackInfo@VValue@v8@@@2@@ZV?$Local@VValue@v8@@@2@V?$Local@VSignature@v8@@@2@H@Z 00000001800063c9 f   node:node.exe
 0001:000053d5       __imp_load_?ClearWeak@V8@v8@@CAPEAXPEAPEAVObject@internal@2@@Z 00000001800063d5 f   node:node.exe
 0001:000053e1       __imp_load_?MakeWeak@V8@v8@@CAXPEAPEAVObject@internal@2@PEAXP6AXAEBV?$WeakCallbackData@VValue@v8@@X@2@@Z@Z 00000001800063e1 f   node:node.exe
 0001:000053ed       __imp_load_?DisposeGlobal@V8@v8@@CAXPEAPEAVObject@internal@2@@Z 00000001800063ed f   node:node.exe
 0001:000053f9       __imp_load_?GlobalizeReference@V8@v8@@CAPEAPEAVObject@internal@2@PEAVIsolate@42@PEAPEAV342@@Z 00000001800063f9 f   node:node.exe
 0001:00005405       __imp_load_?BooleanValue@Value@v8@@QEBA_NXZ 0000000180006405 f   node:node.exe
 0001:00005411       __imp_load_?IsBoolean@Value@v8@@QEBA_NXZ 0000000180006411 f   node:node.exe
 0001:0000541d       __imp_load_?IsObject@Value@v8@@QEBA_NXZ 000000018000641d f   node:node.exe
 0001:00005429       __imp_load_?IsFunction@Value@v8@@QEBA_NXZ 0000000180006429 f   node:node.exe
 0001:00005435       __imp_load_?HasCaught@TryCatch@v8@@QEBA_NXZ 0000000180006435 f   node:node.exe
 0001:00005441       __imp_load_??1TryCatch@v8@@QEAA@XZ 0000000180006441 f   node:node.exe
 0001:0000544d       __imp_load_??0TryCatch@v8@@QEAA@XZ 000000018000644d f   node:node.exe
 0001:00005459       __imp_load_?SlowGetAlignedPointerFromInternalField@Object@v8@@AEAAPEAXH@Z 0000000180006459 f   node:node.exe
 0001:00005465       __imp_load_?SetAlignedPointerInInternalField@Object@v8@@QEAAXHPEAX@Z 0000000180006465 f   node:node.exe
 0001:00005471       __imp_load_?SetName@Function@v8@@QEAAXV?$Local@VString@v8@@@2@@Z 0000000180006471 f   node:node.exe
 0001:0000547d       __imp_load_?Call@Function@v8@@QEAA?AV?$Local@VValue@v8@@@2@V32@HQEAV32@@Z 000000018000647d f   node:node.exe
 0001:00005489       __imp_load_?SetInternalFieldCount@ObjectTemplate@v8@@QEAAXH@Z 0000000180006489 f   node:node.exe
 0001:00005495       __imp_load_uv_mutex_lock   0000000180006495 f   node:node.exe
 0001:000054a1       __imp_load_?FatalException@node@@YAXPEAVIsolate@v8@@AEBVTryCatch@3@@Z 00000001800064a1 f   node:node.exe
 0001:000054ad       __imp_load_uv_mutex_destroy 00000001800064ad f   node:node.exe
 0001:000054b9       __imp_load_uv_mutex_init   00000001800064b9 f   node:node.exe
 0001:000054c5       __imp_load_uv_default_loop 00000001800064c5 f   node:node.exe
 0001:000054d4       ??0bad_alloc@std@@QEAA@AEBV01@@Z 00000001800064d4 f i libcpmt:xthrow.obj
 0001:00005514       ??0bad_alloc@std@@QEAA@XZ  0000000180006514 f i libcpmt:xthrow.obj
 0001:00005534       ??0exception@std@@QEAA@AEBV01@@Z 0000000180006534 f i libcpmt:xthrow.obj
 0001:0000556c       ??0length_error@std@@QEAA@AEBV01@@Z 000000018000656c f i libcpmt:xthrow.obj
 0001:000055ac       ??0length_error@std@@QEAA@PEBD@Z 00000001800065ac f i libcpmt:xthrow.obj
 0001:000055f8       ??0logic_error@std@@QEAA@AEBV01@@Z 00000001800065f8 f i libcpmt:xthrow.obj
 0001:00005638       ??0out_of_range@std@@QEAA@AEBV01@@Z 0000000180006638 f i libcpmt:xthrow.obj
 0001:00005678       ??0out_of_range@std@@QEAA@PEBD@Z 0000000180006678 f i libcpmt:xthrow.obj
 0001:000056c4       ??1bad_alloc@std@@UEAA@XZ  00000001800066c4 f i libcpmt:xthrow.obj
 0001:000056c4       ??1out_of_range@std@@UEAA@XZ 00000001800066c4 f i libcpmt:xthrow.obj
 0001:000056c4       ??1length_error@std@@UEAA@XZ 00000001800066c4 f i libcpmt:xthrow.obj
 0001:000056c4       ??1bad_array_new_length@std@@UEAA@XZ 00000001800066c4 f i LIBCMT:throw_bad_alloc.obj
 0001:000056d8       ?_Xbad_alloc@std@@YAXXZ    00000001800066d8 f   libcpmt:xthrow.obj
 0001:000056d8       ?__scrt_throw_std_bad_alloc@@YAXXZ 00000001800066d8 f   LIBCMT:throw_bad_alloc.obj
 0001:000056f8       ?_Xlength_error@std@@YAXPEBD@Z 00000001800066f8 f   libcpmt:xthrow.obj
 0001:0000571c       ?_Xout_of_range@std@@YAXPEBD@Z 000000018000671c f   libcpmt:xthrow.obj
 0001:00005740       ?what@exception@std@@UEBAPEBDXZ 0000000180006740 f i libcpmt:xthrow.obj
 0001:00005770       __security_check_cookie    0000000180006770 f   LIBCMT:_amdsecgs_.obj
 0001:000058dc       _Init_thread_footer        00000001800068dc f   LIBCMT:thread_safe_statics.obj
 0001:0000593c       _Init_thread_header        000000018000693c f   LIBCMT:thread_safe_statics.obj
 0001:000059a4       _Init_thread_notify        00000001800069a4 f   LIBCMT:thread_safe_statics.obj
 0001:00005a00       _Init_thread_wait          0000000180006a00 f   LIBCMT:thread_safe_statics.obj
 0001:00005a98       ??2@YAPEAX_K@Z             0000000180006a98 f   LIBCMT:new_scalar.obj
 0001:00005ad4       __scrt_acquire_startup_lock 0000000180006ad4 f   LIBCMT:utility.obj
 0001:00005b10       __scrt_dllmain_after_initialize_c 0000000180006b10 f   LIBCMT:utility.obj
 0001:00005b30       __scrt_dllmain_before_initialize_c 0000000180006b30 f   LIBCMT:utility.obj
 0001:00005b48       __scrt_dllmain_crt_thread_attach 0000000180006b48 f   LIBCMT:utility.obj
 0001:00005b70       __scrt_dllmain_crt_thread_detach 0000000180006b70 f   LIBCMT:utility.obj
 0001:00005b88       __scrt_dllmain_exception_filter 0000000180006b88 f   LIBCMT:utility.obj
 0001:00005bec       __scrt_dllmain_uninitialize_c 0000000180006bec f   LIBCMT:utility.obj
 0001:00005c1c       __scrt_dllmain_uninitialize_critical 0000000180006c1c f   LIBCMT:utility.obj
 0001:00005c30       __scrt_initialize_crt      0000000180006c30 f   LIBCMT:utility.obj
 0001:00005c7c       __scrt_initialize_onexit_tables 0000000180006c7c f   LIBCMT:utility.obj
 0001:00005d48       __scrt_is_nonwritable_in_current_image 0000000180006d48 f   LIBCMT:utility.obj
 0001:00005de4       __scrt_release_startup_lock 0000000180006de4 f   LIBCMT:utility.obj
 0001:00005e08       __scrt_uninitialize_crt    0000000180006e08 f   LIBCMT:utility.obj
 0001:00005e34       _onexit                    0000000180006e34 f   LIBCMT:utility.obj
 0001:00005e84       atexit                     0000000180006e84 f   LIBCMT:utility.obj
 0001:00005e9c       ??3@YAXPEAX@Z              0000000180006e9c f   LIBCMT:delete_scalar.obj
 0001:00005ea4       ??3@YAXPEAX_K@Z            0000000180006ea4 f   LIBCMT:delete_scalar_size.obj
 0001:00006208       _DllMainCRTStartup         0000000180007208 f   LIBCMT:dll_dllmain.obj
 0001:00006248       ??_Gtype_info@@UEAAPEAXI@Z 0000000180007248 f i LIBCMT:std_type_info_static.obj
 0001:00006248       ??_Etype_info@@UEAAPEAXI@Z 0000000180007248 f i LIBCMT:std_type_info_static.obj
 0001:00006274       __raise_securityfailure    0000000180007274 f   LIBCMT:gs_report.obj
 0001:000062a8       __report_gsfailure         00000001800072a8 f   LIBCMT:gs_report.obj
 0001:000063f0       __crt_debugger_hook        00000001800073f0 f   LIBCMT:utility_desktop.obj
 0001:000063f8       __scrt_fastfail            00000001800073f8 f   LIBCMT:utility_desktop.obj
 0001:00006540       _guard_check_icall         0000000180007540 f i LIBCMT:checkcfg.obj
 0001:00006548       ??0bad_array_new_length@std@@QEAA@AEBV01@@Z 0000000180007548 f i LIBCMT:throw_bad_alloc.obj
 0001:00006588       ??0bad_array_new_length@std@@QEAA@XZ 0000000180007588 f i LIBCMT:throw_bad_alloc.obj
 0001:000065a8       ??_Glength_error@std@@UEAAPEAXI@Z 00000001800075a8 f i libcpmt:xthrow.obj
 0001:000065a8       ??_Ebad_array_new_length@std@@UEAAPEAXI@Z 00000001800075a8 f i LIBCMT:throw_bad_alloc.obj
 0001:000065a8       ??_Ebad_alloc@std@@UEAAPEAXI@Z 00000001800075a8 f i libcpmt:xthrow.obj
 0001:000065a8       ??_Eout_of_range@std@@UEAAPEAXI@Z 00000001800075a8 f i libcpmt:xthrow.obj
 0001:000065a8       ??_Gexception@std@@UEAAPEAXI@Z 00000001800075a8 f i libcpmt:xthrow.obj
 0001:000065a8       ??_Elogic_error@std@@UEAAPEAXI@Z 00000001800075a8 f i libcpmt:xthrow.obj
 0001:000065a8       ??_Gbad_alloc@std@@UEAAPEAXI@Z 00000001800075a8 f i libcpmt:xthrow.obj
 0001:000065a8       ??_Eexception@std@@UEAAPEAXI@Z 00000001800075a8 f i libcpmt:xthrow.obj
 0001:000065a8       ??_Gout_of_range@std@@UEAAPEAXI@Z 00000001800075a8 f i libcpmt:xthrow.obj
 0001:000065a8       ??_Gbad_array_new_length@std@@UEAAPEAXI@Z 00000001800075a8 f i LIBCMT:throw_bad_alloc.obj
 0001:000065a8       ??_Elength_error@std@@UEAAPEAXI@Z 00000001800075a8 f i libcpmt:xthrow.obj
 0001:000065a8       ??_Glogic_error@std@@UEAAPEAXI@Z 00000001800075a8 f i libcpmt:xthrow.obj
 0001:000065ec       ?__scrt_throw_std_bad_array_new_length@@YAXXZ 00000001800075ec f   LIBCMT:throw_bad_alloc.obj
 0001:0000660c       __isa_available_init       000000018000760c f   LIBCMT:_cpu_disp_.obj
 0001:000067d0       __scrt_is_ucrt_dll_in_use  00000001800077d0 f   LIBCMT:ucrt_detection.obj
 0001:000067dc       __security_init_cookie     00000001800077dc f   LIBCMT:gs_support.obj
 0001:00006888       DllMain                    0000000180007888 f   LIBCMT:dll_dllmain_stub.obj
 0001:00006890       ?__scrt_initialize_type_info@@YAXXZ 0000000180007890 f   LIBCMT:tncleanup.obj
 0001:000068a0       ?__scrt_uninitialize_type_info@@YAXXZ 00000001800078a0 f   LIBCMT:tncleanup.obj
 0001:000068ac       __local_stdio_scanf_options 00000001800078ac f i LIBCMT:default_local_stdio_options.obj
 0001:000068b4       __scrt_initialize_default_local_stdio_options 00000001800078b4 f   LIBCMT:default_local_stdio_options.obj
 0001:000068d0       __scrt_get_dyn_tls_init_callback 00000001800078d0 f   LIBCMT:dyn_tls_init.obj
 0001:000068d8       _RTC_Initialize            00000001800078d8 f   LIBCMT:_initsect_.obj
 0001:00006924       _RTC_Terminate             0000000180007924 f   LIBCMT:_initsect_.obj
 0001:00006980       memcpy                     0000000180007980 f   libvcruntime:memcpy.obj
 0001:00006980       memmove                    0000000180007980 f   libvcruntime:memcpy.obj
 0001:00006db8       __std_exception_copy       0000000180007db8 f   libvcruntime:std_exception.obj
 0001:00006e48       __std_exception_destroy    0000000180007e48 f   libvcruntime:std_exception.obj
 0001:00006e70       _CxxThrowException         0000000180007e70 f   libvcruntime:throw.obj
 0001:00007110       __vcrt_EventRegister       0000000180008110 f   libvcruntime:winapi_downlevel.obj
 0001:00007194       __vcrt_EventSetInformation 0000000180008194 f   libvcruntime:winapi_downlevel.obj
 0001:00007218       __vcrt_EventUnregister     0000000180008218 f   libvcruntime:winapi_downlevel.obj
 0001:0000726c       __vcrt_EventWriteTransfer  000000018000826c f   libvcruntime:winapi_downlevel.obj
 0001:00007304       __vcrt_FlsAlloc            0000000180008304 f   libvcruntime:winapi_downlevel.obj
 0001:00007358       __vcrt_FlsFree             0000000180008358 f   libvcruntime:winapi_downlevel.obj
 0001:000073ac       __vcrt_FlsGetValue         00000001800083ac f   libvcruntime:winapi_downlevel.obj
 0001:00007400       __vcrt_FlsSetValue         0000000180008400 f   libvcruntime:winapi_downlevel.obj
 0001:00007468       __vcrt_InitializeCriticalSectionEx 0000000180008468 f   libvcruntime:winapi_downlevel.obj
 0001:000074e0       __vcrt_initialize_winapi_thunks 00000001800084e0 f   libvcruntime:winapi_downlevel.obj
 0001:00007518       __vcrt_uninitialize_winapi_thunks 0000000180008518 f   libvcruntime:winapi_downlevel.obj
 0001:00007558       __vcrt_initialize          0000000180008558 f   libvcruntime:initialization.obj
 0001:00007590       __vcrt_thread_attach       0000000180008590 f   libvcruntime:initialization.obj
 0001:000075a4       __vcrt_thread_detach       00000001800085a4 f   libvcruntime:initialization.obj
 0001:000075b8       __vcrt_uninitialize        00000001800085b8 f   libvcruntime:initialization.obj
 0001:000075e4       __vcrt_uninitialize_critical 00000001800085e4 f   libvcruntime:initialization.obj
 0001:000075f4       __C_specific_handler       00000001800085f4 f   libvcruntime:_chandler_.obj
 0001:000077e8       __telemetry_main_invoke_trigger 00000001800087e8 f   libvcruntime:telemetry.obj
 0001:00007900       __telemetry_main_return_trigger 0000000180008900 f   libvcruntime:telemetry.obj
 0001:00007a18       __vcrt_initialize_telemetry_provider 0000000180008a18 f   libvcruntime:telemetry.obj
 0001:00007a2c       __vcrt_uninitialize_telemetry_provider 0000000180008a2c f   libvcruntime:telemetry.obj
 0001:00007a60       memset                     0000000180008a60 f   libvcruntime:memset.obj
 0001:00007c00       __std_type_info_destroy_list 0000000180008c00 f   libvcruntime:std_type_info.obj
 0001:00007c2c       __vcrt_freefls             0000000180008c2c f   libvcruntime:per_thread_data.obj
 0001:00007c4c       __vcrt_freeptd             0000000180008c4c f   libvcruntime:per_thread_data.obj
 0001:00007c9c       __vcrt_getptd_noexit       0000000180008c9c f   libvcruntime:per_thread_data.obj
 0001:00007d44       __vcrt_initialize_ptd      0000000180008d44 f   libvcruntime:per_thread_data.obj
 0001:00007d84       __vcrt_uninitialize_ptd    0000000180008d84 f   libvcruntime:per_thread_data.obj
 0001:00007da8       __vcrt_initialize_locks    0000000180008da8 f   libvcruntime:locks.obj
 0001:00007df0       __vcrt_uninitialize_locks  0000000180008df0 f   libvcruntime:locks.obj
 0001:00007e28       __vcrt_initialize_pure_virtual_call_handler 0000000180008e28 f   libvcruntime:purevirt_data.obj
 0001:00007e60       _local_unwind              0000000180008e60 f   libvcruntime:_jmpuwind_.obj
 0001:00007e90       _NLG_Notify                0000000180008e90 f   libvcruntime:_jmpuwind_.obj
 0001:00007eb0       __NLG_Dispatch2            0000000180008eb0 f   libvcruntime:_jmpuwind_.obj
 0001:00007ec0       __NLG_Return2              0000000180008ec0 f   libvcruntime:_jmpuwind_.obj
 0001:00007ec4       ??$ensure_buffer_is_big_enough@D@formatting_buffer@__crt_stdio_output@@QEAA_N_K@Z 0000000180008ec4 f i libucrt:output.obj
 0001:00007f70       ??$is_wide_character_specifier@D@__crt_stdio_output@@YA_N_KDW4length_modifier@0@@Z 0000000180008f70 f i libucrt:output.obj
 0001:00007fa0       ??$type_case_integer_parse_into_buffer@I@?$output_processor@DV?$string_output_adapter@D@__crt_stdio_output@@V?$standard_base@DV?$string_output_adapter@D@__crt_stdio_output@@@2@@__crt_stdio_output@@AEAAXII_N@Z 0000000180008fa0 f i libucrt:output.obj
 0001:0000803c       ??$type_case_integer_parse_into_buffer@_K@?$output_processor@DV?$string_output_adapter@D@__crt_stdio_output@@V?$standard_base@DV?$string_output_adapter@D@__crt_stdio_output@@@2@@__crt_stdio_output@@AEAAX_KI_N@Z 000000018000903c f i libucrt:output.obj
 0001:000080d8       ??$write_multiple_characters@V?$string_output_adapter@D@__crt_stdio_output@@D@__crt_stdio_output@@YAXAEBV?$string_output_adapter@D@0@DHQEAH@Z 00000001800090d8 f i libucrt:output.obj
 0001:00008134       ??0?$output_processor@DV?$string_output_adapter@D@__crt_stdio_output@@V?$standard_base@DV?$string_output_adapter@D@__crt_stdio_output@@@2@@__crt_stdio_output@@QEAA@AEBV?$string_output_adapter@D@1@_KQEBDQEAU__crt_locale_pointers@@QEAD@Z 0000000180009134 f i libucrt:output.obj
 0001:000081b0       ??0_LocaleUpdate@@QEAA@QEAU__crt_locale_pointers@@@Z 00000001800091b0 f i libucrt:output.obj
 0001:00008240       ?force_decimal_point@__crt_stdio_output@@YAXPEADQEAU__crt_locale_pointers@@@Z 0000000180009240 f i libucrt:output.obj
 0001:000082b0       ?parse_int_from_format_string@?$output_processor@DV?$string_output_adapter@D@__crt_stdio_output@@V?$standard_base@DV?$string_output_adapter@D@__crt_stdio_output@@@2@@__crt_stdio_output@@AEAA_NQEAH@Z 00000001800092b0 f i libucrt:output.obj
 0001:00008334       ?process@?$output_processor@DV?$string_output_adapter@D@__crt_stdio_output@@V?$standard_base@DV?$string_output_adapter@D@__crt_stdio_output@@@2@@__crt_stdio_output@@QEAAHXZ 0000000180009334 f i libucrt:output.obj
 0001:00008538       ?state_case_normal@?$output_processor@DV?$string_output_adapter@D@__crt_stdio_output@@V?$standard_base@DV?$string_output_adapter@D@__crt_stdio_output@@@2@@__crt_stdio_output@@AEAA_NXZ 0000000180009538 f i libucrt:output.obj
 0001:000085ac       ?state_case_normal_tchar@?$output_processor@DV?$string_output_adapter@D@__crt_stdio_output@@V?$standard_base@DV?$string_output_adapter@D@__crt_stdio_output@@@2@@__crt_stdio_output@@AEAA_ND@Z 00000001800095ac f i libucrt:output.obj
 0001:00008644       ?state_case_size@?$output_processor@DV?$string_output_adapter@D@__crt_stdio_output@@V?$standard_base@DV?$string_output_adapter@D@__crt_stdio_output@@@2@@__crt_stdio_output@@AEAA_NXZ 0000000180009644 f i libucrt:output.obj
 0001:000087c0       ?state_case_type@?$output_processor@DV?$string_output_adapter@D@__crt_stdio_output@@V?$standard_base@DV?$string_output_adapter@D@__crt_stdio_output@@@2@@__crt_stdio_output@@AEAA_NXZ 00000001800097c0 f i libucrt:output.obj
 0001:00008a3c       ?type_case_Z@?$output_processor@DV?$string_output_adapter@D@__crt_stdio_output@@V?$standard_base@DV?$string_output_adapter@D@__crt_stdio_output@@@2@@__crt_stdio_output@@AEAA_NXZ 0000000180009a3c f i libucrt:output.obj
 0001:00008abc       ?type_case_a@?$output_processor@DV?$string_output_adapter@D@__crt_stdio_output@@V?$standard_base@DV?$string_output_adapter@D@__crt_stdio_output@@@2@@__crt_stdio_output@@AEAA_NXZ 0000000180009abc f i libucrt:output.obj
 0001:00008cd8       ?type_case_c_tchar@?$output_processor@DV?$string_output_adapter@D@__crt_stdio_output@@V?$standard_base@DV?$string_output_adapter@D@__crt_stdio_output@@@2@@__crt_stdio_output@@AEAA_ND@Z 0000000180009cd8 f i libucrt:output.obj
 0001:00008d8c       ?type_case_integer@?$output_processor@DV?$string_output_adapter@D@__crt_stdio_output@@V?$standard_base@DV?$string_output_adapter@D@__crt_stdio_output@@@2@@__crt_stdio_output@@AEAA_NI_N@Z 0000000180009d8c f i libucrt:output.obj
 0001:00008f2c       ?type_case_n@?$output_processor@DV?$string_output_adapter@D@__crt_stdio_output@@V?$standard_base@DV?$string_output_adapter@D@__crt_stdio_output@@@2@@__crt_stdio_output@@AEAA_NXZ 0000000180009f2c f i libucrt:output.obj
 0001:00009008       ?type_case_s@?$output_processor@DV?$string_output_adapter@D@__crt_stdio_output@@V?$standard_base@DV?$string_output_adapter@D@__crt_stdio_output@@@2@@__crt_stdio_output@@AEAA_NXZ 000000018000a008 f i libucrt:output.obj
 0001:00009098       ?write_stored_string_tchar@?$output_processor@DV?$string_output_adapter@D@__crt_stdio_output@@V?$standard_base@DV?$string_output_adapter@D@__crt_stdio_output@@@2@@__crt_stdio_output@@AEAA_ND@Z 000000018000a098 f i libucrt:output.obj
 0001:00009170       ?write_string@?$string_output_adapter@D@__crt_stdio_output@@QEBAXQEBDHQEAH1@Z 000000018000a170 f i libucrt:output.obj
 0001:0000922c       __stdio_common_vsprintf    000000018000a22c f   libucrt:output.obj
 0001:00009460       free                       000000018000a460 f   libucrt:free.obj
 0001:00009468       isdigit                    000000018000a468 f i libucrt:_ctype.obj
 0001:000094dc       isspace                    000000018000a4dc f i libucrt:_ctype.obj
 0001:00009550       __acrt_call_reportfault    000000018000a550 f   libucrt:invalid_parameter.obj
 0001:000096ac       __acrt_initialize_invalid_parameter_handler 000000018000a6ac f   libucrt:invalid_parameter.obj
 0001:000096b4       _invalid_parameter         000000018000a6b4 f   libucrt:invalid_parameter.obj
 0001:0000975c       _invalid_parameter_noinfo  000000018000a75c f   libucrt:invalid_parameter.obj
 0001:0000977c       _invalid_parameter_noinfo_noreturn 000000018000a77c f   libucrt:invalid_parameter.obj
 0001:000097ac       _invoke_watson             000000018000a7ac f   libucrt:invalid_parameter.obj
 0001:000097f4       malloc                     000000018000a7f4 f   libucrt:malloc.obj
 0001:000097fc       __ascii_stricmp            000000018000a7fc f   libucrt:stricmp.obj
 0001:00009838       _stricmp                   000000018000a838 f   libucrt:stricmp.obj
 0001:00009880       _stricmp_l                 000000018000a880 f   libucrt:stricmp.obj
 0001:00009934       __acrt_initialize_new_handler 000000018000a934 f   libucrt:new_handler.obj
 0001:0000993c       _callnewh                  000000018000a93c f   libucrt:new_handler.obj
 0001:0000997c       _query_new_handler         000000018000a97c f   libucrt:new_handler.obj
 0001:000099b0       _seh_filter_dll            000000018000a9b0 f   libucrt:exception_filter.obj
 0001:000099c4       _seh_filter_exe            000000018000a9c4 f   libucrt:exception_filter.obj
 0001:00009d84       __acrt_initialize_thread_local_exit_callback 000000018000ad84 f   libucrt:exit.obj
 0001:00009d8c       _cexit                     000000018000ad8c f   libucrt:exit.obj
 0001:00009d9c       _exit                      000000018000ad9c f   libucrt:exit.obj
 0001:00009da8       _is_c_termination_complete 000000018000ada8 f   libucrt:exit.obj
 0001:00009f94       __dcrt_uninitialize_environments_nolock 000000018000af94 f   libucrt:environment_initialization.obj
 0001:00009fcc       _initialize_narrow_environment 000000018000afcc f   libucrt:environment_initialization.obj
 0001:00009fd4       ??$?RV<lambda_b8c45f8f788dd370798f47cfe8ac3a86>@@AEAV<lambda_4e60a939b0d047cfe11ddc22648dfba9>@@V<lambda_332c3edc96d0294ec56c57d38c1cdfd5>@@@?$__crt_seh_guarded_call@H@@QEAAH$$QEAV<lambda_b8c45f8f788dd370798f47cfe8ac3a86>@@AEAV<lambda_4e60a939b0d047cfe11ddc22648dfba9>@@$$QEAV<lambda_332c3edc96d0294ec56c57d38c1cdfd5>@@@Z 000000018000afd4 f i libucrt:onexit.obj
 0001:0000a010       ??$?RV<lambda_e24bbb7b643b32fcea6fa61b31d4c984>@@AEAV<lambda_275893d493268fdec8709772e3fcec0e>@@V<lambda_9d71df4d7cf3f480f8d633942495c3b0>@@@?$__crt_seh_guarded_call@H@@QEAAH$$QEAV<lambda_e24bbb7b643b32fcea6fa61b31d4c984>@@AEAV<lambda_275893d493268fdec8709772e3fcec0e>@@$$QEAV<lambda_9d71df4d7cf3f480f8d633942495c3b0>@@@Z 000000018000b010 f i libucrt:onexit.obj
 0001:0000a38c       _crt_atexit                000000018000b38c f   libucrt:onexit.obj
 0001:0000a39c       _execute_onexit_table      000000018000b39c f   libucrt:onexit.obj
 0001:0000a3d8       _initialize_onexit_table   000000018000b3d8 f   libucrt:onexit.obj
 0001:0000a418       _register_onexit_function  000000018000b418 f   libucrt:onexit.obj
 0001:0000a498       __acrt_uninitialize_command_line 000000018000b498 f   libucrt:argv_data.obj
 0001:0000a598       __acrt_initialize          000000018000b598 f   libucrt:initialization.obj
 0001:0000a5ac       __acrt_thread_attach       000000018000b5ac f   libucrt:initialization.obj
 0001:0000a5c0       __acrt_thread_detach       000000018000b5c0 f   libucrt:initialization.obj
 0001:0000a5d0       __acrt_uninitialize        000000018000b5d0 f   libucrt:initialization.obj
 0001:0000a5e4       __acrt_uninitialize_critical 000000018000b5e4 f   libucrt:initialization.obj
 0001:0000a5f4       _initterm                  000000018000b5f4 f   libucrt:initterm.obj
 0001:0000a66c       _initterm_e                000000018000b66c f   libucrt:initterm.obj
 0001:0000a6b8       terminate                  000000018000b6b8 f   libucrt:terminate.obj
 0001:0000a6e0       strcpy_s                   000000018000b6e0 f   libucrt:strcpy_s.obj
 0001:0000a740       _free_base                 000000018000b740 f   libucrt:free_base.obj
 0001:0000a780       _malloc_base               000000018000b780 f   libucrt:malloc_base.obj
 0001:0000a7e0       abort                      000000018000b7e0 f   libucrt:abort.obj
 0001:0000a838       _calloc_base               000000018000b838 f   libucrt:calloc_base.obj
 0001:0000a8b0       ??$is_overflow_condition@K@__crt_strtox@@YA_NIK@Z 000000018000b8b0 f i libucrt:atox.obj
 0001:0000a8dc       ??$parse_integer@KV?$c_string_character_source@D@__crt_strtox@@@__crt_strtox@@YAKQEAU__crt_locale_pointers@@V?$c_string_character_source@D@0@H_N@Z 000000018000b8dc f i libucrt:atox.obj
 0001:0000ac40       _tolower_l                 000000018000bc40 f   libucrt:tolower_toupper.obj
 0001:0000ad80       tolower                    000000018000bd80 f   libucrt:tolower_toupper.obj
 0001:0000adac       __acrt_errno_from_os_error 000000018000bdac f   libucrt:errno.obj
 0001:0000adf4       __acrt_errno_map_os_error  000000018000bdf4 f   libucrt:errno.obj
 0001:0000ae44       __doserrno                 000000018000be44 f   libucrt:errno.obj
 0001:0000ae64       _errno                     000000018000be64 f   libucrt:errno.obj
 0001:0000ae84       ??$make_c_string_character_source@DPEAPEAD@__crt_strtox@@YA?AV?$c_string_character_source@D@0@QEBDQEAPEAD@Z 000000018000be84 f i libucrt:strtox.obj
 0001:0000ae98       strtol                     000000018000be98 f   libucrt:strtox.obj
 0001:0000aec8       _mbtowc_l                  000000018000bec8 f   libucrt:mbtowc.obj
 0001:0000b010       mbtowc                     000000018000c010 f   libucrt:mbtowc.obj
 0001:0000b018       _wctomb_s_l                000000018000c018 f   libucrt:wctomb.obj
 0001:0000b19c       wctomb_s                   000000018000c19c f   libucrt:wctomb.obj
 0001:0000b1b0       strnlen                    000000018000c1b0 f   libucrt:strnlen.obj
 0001:0000b30c       wcsnlen                    000000018000c30c f   libucrt:strnlen.obj
 0001:0000b4fc       ??$?RV<lambda_46352004c1216016012b18bd6f87e700>@@AEAV<lambda_3bd07e1a1191394380780325891bf33f>@@V<lambda_334532d3f185bcaa59b5be82d7d22bff>@@@?$__crt_seh_guarded_call@X@@QEAAX$$QEAV<lambda_46352004c1216016012b18bd6f87e700>@@AEAV<lambda_3bd07e1a1191394380780325891bf33f>@@$$QEAV<lambda_334532d3f185bcaa59b5be82d7d22bff>@@@Z 000000018000c4fc f i libucrt:per_thread_data.obj
 0001:0000b55c       ??$?RV<lambda_5e887d1dcbef67a5eb4283622ba103bf>@@AEAV<lambda_4466841279450cc726390878d4a41900>@@V<lambda_341c25c0346d94847f1f3c463c57e077>@@@?$__crt_seh_guarded_call@X@@QEAAX$$QEAV<lambda_5e887d1dcbef67a5eb4283622ba103bf>@@AEAV<lambda_4466841279450cc726390878d4a41900>@@$$QEAV<lambda_341c25c0346d94847f1f3c463c57e077>@@@Z 000000018000c55c f i libucrt:per_thread_data.obj
 0001:0000b5a4       ??$?RV<lambda_72d1df2b273a38828b1ce30cbf4cdab5>@@AEAV<lambda_876a65b173b8412d3a47c70a915b0cf4>@@V<lambda_41932305e351933ebe8f8be3ed8bb5dc>@@@?$__crt_seh_guarded_call@X@@QEAAX$$QEAV<lambda_72d1df2b273a38828b1ce30cbf4cdab5>@@AEAV<lambda_876a65b173b8412d3a47c70a915b0cf4>@@$$QEAV<lambda_41932305e351933ebe8f8be3ed8bb5dc>@@@Z 000000018000c5a4 f i libucrt:per_thread_data.obj
 0001:0000b5e4       ??$?RV<lambda_fb3a7dec4e47f37f22dae91bb15c9095>@@AEAV<lambda_698284760c8add0bfb0756c19673e34b>@@V<lambda_dfb8eca1e75fef3034a8fb18dd509707>@@@?$__crt_seh_guarded_call@X@@QEAAX$$QEAV<lambda_fb3a7dec4e47f37f22dae91bb15c9095>@@AEAV<lambda_698284760c8add0bfb0756c19673e34b>@@$$QEAV<lambda_dfb8eca1e75fef3034a8fb18dd509707>@@@Z 000000018000c5e4 f i libucrt:per_thread_data.obj
 0001:0000b874       __acrt_freeptd             000000018000c874 f   libucrt:per_thread_data.obj
 0001:0000b8b8       __acrt_getptd              000000018000c8b8 f   libucrt:per_thread_data.obj
 0001:0000b94c       __acrt_getptd_noexit       000000018000c94c f   libucrt:per_thread_data.obj
 0001:0000b9ec       __acrt_initialize_ptd      000000018000c9ec f   libucrt:per_thread_data.obj
 0001:0000ba28       __acrt_uninitialize_ptd    000000018000ca28 f   libucrt:per_thread_data.obj
 0001:0000ba4c       __acrt_update_locale_info  000000018000ca4c f   libucrt:locale_update.obj
 0001:0000ba80       __acrt_update_multibyte_info 000000018000ca80 f   libucrt:locale_update.obj
 0001:0000bab4       ?__acrt_fp_classify@@YA?AW4__acrt_fp_class@@AEBN@Z 000000018000cab4 f i libucrt:cvt.obj
 0001:0000c4ec       __acrt_fp_format           000000018000d4ec f   libucrt:cvt.obj
 0001:0000c730       _fileno                    000000018000d730 f   libucrt:fileno.obj
 0001:0000c758       __acrt_initialize_stdio    000000018000d758 f   libucrt:_file.obj
 0001:0000c878       __acrt_uninitialize_stdio  000000018000d878 f   libucrt:_file.obj
 0001:0000c8d4       _lock_file                 000000018000d8d4 f   libucrt:_file.obj
 0001:0000c8e0       _unlock_file               000000018000d8e0 f   libucrt:_file.obj
 0001:0000c8ec       _get_printf_count_output   000000018000d8ec f   libucrt:printf_count_output.obj
 0001:0000c904       __acrt_set_locale_changed  000000018000d904 f   libucrt:wsetlocale.obj
 0001:0000c910       __acrt_uninitialize_locale 000000018000d910 f   libucrt:wsetlocale.obj
 0001:0000cb40       __acrt_initialize_lowio    000000018000db40 f   libucrt:ioinit.obj
 0001:0000cb7c       __acrt_uninitialize_lowio  000000018000db7c f   libucrt:ioinit.obj
 0001:0000cbbc       __pctype_func              000000018000dbbc f   libucrt:ctype.obj
 0001:0000cbec       _isctype_l                 000000018000dbec f   libucrt:isctype.obj
 0001:0000ccfc       __acrt_initialize_locks    000000018000dcfc f   libucrt:locks.obj
 0001:0000cd44       __acrt_lock                000000018000dd44 f   libucrt:locks.obj
 0001:0000cd60       __acrt_uninitialize_locks  000000018000dd60 f   libucrt:locks.obj
 0001:0000cd98       __acrt_unlock              000000018000dd98 f   libucrt:locks.obj
 0001:0000cf54       __acrt_FlsAlloc            000000018000df54 f   libucrt:winapi_thunks.obj
 0001:0000cfac       __acrt_FlsFree             000000018000dfac f   libucrt:winapi_thunks.obj
 0001:0000d004       __acrt_FlsGetValue         000000018000e004 f   libucrt:winapi_thunks.obj
 0001:0000d05c       __acrt_FlsSetValue         000000018000e05c f   libucrt:winapi_thunks.obj
 0001:0000d0c4       __acrt_InitializeCriticalSectionEx 000000018000e0c4 f   libucrt:winapi_thunks.obj
 0001:0000d13c       __acrt_LCMapStringEx       000000018000e13c f   libucrt:winapi_thunks.obj
 0001:0000d22c       __acrt_LocaleNameToLCID    000000018000e22c f   libucrt:winapi_thunks.obj
 0001:0000d294       __acrt_initialize_winapi_thunks 000000018000e294 f   libucrt:winapi_thunks.obj
 0001:0000d2cc       __acrt_is_packaged_app     000000018000e2cc f   libucrt:winapi_thunks.obj
 0001:0000d354       __acrt_uninitialize_winapi_thunks 000000018000e354 f   libucrt:winapi_thunks.obj
 0001:0000d398       ??$?RV<lambda_99476a1ad63dd22509b5d3e65b0ffc95>@@AEAV<lambda_ad1ced32f4ac17aa236e5ef05d6b3b7c>@@V<lambda_f7424dd8d45958661754dc4f2697e9c3>@@@?$__crt_seh_guarded_call@X@@QEAAX$$QEAV<lambda_99476a1ad63dd22509b5d3e65b0ffc95>@@AEAV<lambda_ad1ced32f4ac17aa236e5ef05d6b3b7c>@@$$QEAV<lambda_f7424dd8d45958661754dc4f2697e9c3>@@@Z 000000018000e398 f i libucrt:mbctype.obj
 0001:0000da94       __acrt_initialize_multibyte 000000018000ea94 f   libucrt:mbctype.obj
 0001:0000dabc       __acrt_update_thread_multibyte_data 000000018000eabc f   libucrt:mbctype.obj
 0001:0000db7c       _setmbcp_nolock            000000018000eb7c f   libucrt:mbctype.obj
 0001:0000de24       __dcrt_get_narrow_environment_from_os 000000018000ee24 f   libucrt:get_environment_from_os.obj
 0001:0000df28       _recalloc                  000000018000ef28 f   libucrt:recalloc.obj
 0001:0000df30       _recalloc_base             000000018000ef30 f   libucrt:recalloc.obj
 0001:0000dfc8       __acrt_initialize_heap     000000018000efc8 f   libucrt:heap_handle.obj
 0001:0000dfe4       __acrt_uninitialize_heap   000000018000efe4 f   libucrt:heap_handle.obj
 0001:0000dff0       __acrt_initialize_command_line 000000018000eff0 f   libucrt:argv_data.obj
 0001:0000e018       __acrt_execute_initializers 000000018000f018 f   libucrt:shared_initialization.obj
 0001:0000e0ac       __acrt_execute_uninitializers 000000018000f0ac f   libucrt:shared_initialization.obj
 0001:0000e0fc       ??$?RV<lambda_c36588078e9f5dfd39652860aa6b3aaf>@@AEAV<lambda_ec61778202f4f5fc7e7711acc23c3bca>@@V<lambda_dc9d2797ccde5d239b4a0efae8ebd7db>@@@?$__crt_seh_guarded_call@P6AXH@Z@@QEAAP6AXH@Z$$QEAV<lambda_c36588078e9f5dfd39652860aa6b3aaf>@@AEAV<lambda_ec61778202f4f5fc7e7711acc23c3bca>@@$$QEAV<lambda_dc9d2797ccde5d239b4a0efae8ebd7db>@@@Z 000000018000f0fc f i libucrt:signal.obj
 0001:0000e144       __acrt_get_sigabrt_handler 000000018000f144 f   libucrt:signal.obj
 0001:0000e174       __acrt_initialize_signal_handlers 000000018000f174 f   libucrt:signal.obj
 0001:0000e194       raise                      000000018000f194 f   libucrt:signal.obj
 0001:0000e430       __acrt_has_user_matherr    000000018000f430 f   libucrt:matherr.obj
 0001:0000e450       __acrt_initialize_user_matherr 000000018000f450 f   libucrt:matherr.obj
 0001:0000e458       __acrt_invoke_user_matherr 000000018000f458 f   libucrt:matherr.obj
 0001:0000e4a0       _query_new_mode            000000018000f4a0 f   libucrt:new_mode.obj
 0001:0000e4a8       _isleadbyte_l              000000018000f4a8 f i libucrt:_wctype.obj
 0001:0000e844       __acrt_LCMapStringA        000000018000f844 f   libucrt:lcmapstringa.obj
 0001:0000e8dc       __acrt_add_locale_ref      000000018000f8dc f   libucrt:locale_refcounting.obj
 0001:0000e968       __acrt_free_locale         000000018000f968 f   libucrt:locale_refcounting.obj
 0001:0000eae0       __acrt_locale_add_lc_time_reference 000000018000fae0 f   libucrt:locale_refcounting.obj
 0001:0000eb08       __acrt_locale_free_lc_time_if_unreferenced 000000018000fb08 f   libucrt:locale_refcounting.obj
 0001:0000eb40       __acrt_locale_release_lc_time_reference 000000018000fb40 f   libucrt:locale_refcounting.obj
 0001:0000eb68       __acrt_release_locale_ref  000000018000fb68 f   libucrt:locale_refcounting.obj
 0001:0000ec10       __acrt_update_thread_locale_data 000000018000fc10 f   libucrt:locale_refcounting.obj
 0001:0000ec80       _updatetlocinfoEx_nolock   000000018000fc80 f   libucrt:locale_refcounting.obj
 0001:0000ece8       __acrt_fp_strflt_to_string 000000018000fce8 f   libucrt:_fptostr.obj
 0001:0000edb0       ?divide@__crt_strtox@@YA_KAEAUbig_integer@1@AEBU21@@Z 000000018000fdb0 f i libucrt:cfout.obj
 0001:0000f280       __acrt_fltout              0000000180010280 f   libucrt:cfout.obj
 0001:00010674       _fcloseall                 0000000180011674 f   libucrt:closeall.obj
 0001:00010728       __acrt_stdio_flush_nolock  0000000180011728 f   libucrt:fflush.obj
 0001:000107a0       _fflush_nolock             00000001800117a0 f   libucrt:fflush.obj
 0001:000107ec       _flushall                  00000001800117ec f   libucrt:fflush.obj
 0001:000108dc       __acrt_stdio_free_buffer_nolock 00000001800118dc f   libucrt:_freebuf.obj
 0001:0001091c       _isatty                    000000018001191c f   libucrt:isatty.obj
 0001:0001097c       __acrt_locale_free_monetary 000000018001197c f   libucrt:initmon.obj
 0001:00010a88       __acrt_locale_free_numeric 0000000180011a88 f   libucrt:initnum.obj
 0001:00010b4c       __acrt_locale_free_time    0000000180011b4c f   libucrt:inittime.obj
 0001:00010c54       __acrt_GetStringTypeA      0000000180011c54 f   libucrt:getstringtypea.obj
 0001:00010e08       __acrt_lowio_create_handle_array 0000000180011e08 f   libucrt:osfinfo.obj
 0001:00010ea0       __acrt_lowio_destroy_handle_array 0000000180011ea0 f   libucrt:osfinfo.obj
 0001:00010ef0       __acrt_lowio_ensure_fh_exists 0000000180011ef0 f   libucrt:osfinfo.obj
 0001:00010fa8       __acrt_lowio_lock_fh       0000000180011fa8 f   libucrt:osfinfo.obj
 0001:00010fcc       __acrt_lowio_unlock_fh     0000000180011fcc f   libucrt:osfinfo.obj
 0001:00010ff0       _free_osfhnd               0000000180011ff0 f   libucrt:osfinfo.obj
 0001:000110ac       _get_osfhandle             00000001800120ac f   libucrt:osfinfo.obj
 0001:000111ec       __acrt_DownlevelLocaleNameToLCID 00000001800121ec f   libucrt:lcidtoname_downlevel.obj
 0001:00011238       _msize                     0000000180012238 f   libucrt:msize.obj
 0001:00011274       _realloc_base              0000000180012274 f   libucrt:realloc_base.obj
 0001:000112f8       __strncnt                  00000001800122f8 f   libucrt:strncnt.obj
 0001:00011310       fegetenv                   0000000180012310 f   libucrt:fegetenv.obj
 0001:00011330       fesetenv                   0000000180012330 f   libucrt:fesetenv.obj
 0001:0001137c       feholdexcept               000000018001237c f   libucrt:feholdexcept.obj
 0001:000113cc       ceil                       00000001800123cc f   libucrt:ceil.obj
 0001:00011490       log10                      0000000180012490 f   libucrt:log10.obj
 0001:00011fdc       _write                     0000000180012fdc f   libucrt:write.obj
 0001:000120c8       _write_nolock              00000001800130c8 f   libucrt:write.obj
 0001:00012448       _lseeki64_nolock           0000000180013448 f   libucrt:lseek.obj
 0001:00012450       _fclose_nolock             0000000180013450 f   libucrt:fclose.obj
 0001:000124d4       fclose                     00000001800134d4 f   libucrt:fclose.obj
 0001:00012540       ??$?RV<lambda_b521505b218e5242e90febf6bfebc422>@@AEAV<lambda_6978c1fb23f02e42e1d9e99668cc68aa>@@V<lambda_314360699dd331753a4119843814e9a7>@@@?$__crt_seh_guarded_call@H@@QEAAH$$QEAV<lambda_b521505b218e5242e90febf6bfebc422>@@AEAV<lambda_6978c1fb23f02e42e1d9e99668cc68aa>@@$$QEAV<lambda_314360699dd331753a4119843814e9a7>@@@Z 0000000180013540 f i libucrt:commit.obj
 0001:000125cc       _commit                    00000001800135cc f   libucrt:commit.obj
 0001:00012660       _query_app_type            0000000180013660 f   libucrt:report_runtime_error.obj
 0001:00012668       _getfpcontrolword          0000000180013668 f   libucrt:_fenvutils.obj
 0001:00012680       _getfpstatusword           0000000180013680 f   libucrt:_fenvutils.obj
 0001:00012694       _setfpcontrolword          0000000180013694 f   libucrt:_fenvutils.obj
 0001:000126a0       _setfpstatusword           00000001800136a0 f   libucrt:_fenvutils.obj
 0001:000126f0       _clearfp                   00000001800136f0 f   libucrt:ieee.obj
 0001:00012744       _controlfp                 0000000180013744 f   libucrt:ieee.obj
 0001:00012750       _statusfp                  0000000180013750 f   libucrt:ieee.obj
 0001:00012b54       _handle_error              0000000180013b54 f   libucrt:libm_error.obj
 0001:00012c7c       _handle_nan                0000000180013c7c f   libucrt:libm_error.obj
 0001:00012ca0       __acrt_initialize_fma3     0000000180013ca0 f   libucrt:fma3_available.obj
 0001:00012d10       _log10_special             0000000180013d10 f   libucrt:log_special.obj
 0001:00012dc8       _putwch_nolock             0000000180013dc8 f   libucrt:putwch.obj
 0001:00012e24       ??$?RV<lambda_bfedae4ebbf01fab1bb6dcc6a9e276e0>@@AEAV<lambda_2fe9b910cf3cbf4a0ab98a02ba45b3ec>@@V<lambda_237c231691f317818eb88cc1d5d642d6>@@@?$__crt_seh_guarded_call@H@@QEAAH$$QEAV<lambda_bfedae4ebbf01fab1bb6dcc6a9e276e0>@@AEAV<lambda_2fe9b910cf3cbf4a0ab98a02ba45b3ec>@@$$QEAV<lambda_237c231691f317818eb88cc1d5d642d6>@@@Z 0000000180013e24 f i libucrt:close.obj
 0001:00012e98       _close                     0000000180013e98 f   libucrt:close.obj
 0001:00012f3c       _close_nolock              0000000180013f3c f   libucrt:close.obj
 0001:00012ff8       ?__acrt_stdio_free_stream@@YAXV__crt_stdio_stream@@@Z 0000000180013ff8 f   libucrt:stream.obj
 0001:00013050       _get_fpsr                  0000000180014050 f   libucrt:fpsr.obj
 0001:00013060       _set_fpsr                  0000000180014060 f   libucrt:fpsr.obj
 0001:0001306a       _fclrf                     000000018001406a f   libucrt:fpsr.obj
 0001:0001307e       _frnd                      000000018001407e f   libucrt:fpsr.obj
 0001:000130a0       _raise_exc                 00000001800140a0 f   libucrt:fpexcept.obj
 0001:000130c8       _raise_exc_ex              00000001800140c8 f   libucrt:fpexcept.obj
 0001:000133d0       _set_errno_from_matherr    00000001800143d0 f   libucrt:fpexcept.obj
 0001:00013400       _clrfp                     0000000180014400 f   libucrt:fpctrl.obj
 0001:00013420       _ctrlfp                    0000000180014420 f   libucrt:fpctrl.obj
 0001:0001349c       _set_statfp                000000018001449c f   libucrt:fpctrl.obj
 0001:000134bc       _statfp                    00000001800144bc f   libucrt:fpctrl.obj
 0001:000134d0       __dcrt_lowio_initialize_console_output 00000001800144d0 f   libucrt:initcon.obj
 0001:0001350c       __dcrt_terminate_console_output 000000018001450c f   libucrt:initcon.obj
 0001:0001352c       IsProcessorFeaturePresent  000000018001452c f   kernel32:KERNEL32.dll
 0001:00013532       RtlUnwindEx                0000000180014532 f   kernel32:KERNEL32.dll
 0001:00013538       SystemFunction036          0000000180014538 f   advapi32:ADVAPI32.dll
 0001:00013540       ?DloadAcquireSectionWriteAccess@@YAXXZ 0000000180014540 f i DelayImp:delayhlp.obj
 0001:000135fc       ?DloadGetSRWLockFunctionPointers@@YAEXZ 00000001800145fc f i DelayImp:delayhlp.obj
 0001:00013698       ?DloadMakePermanentImageCommit@@YAXPEAX_K@Z 0000000180014698 f i DelayImp:delayhlp.obj
 0001:00013730       ?DloadObtainSection@@YAPEAXPEAK0@Z 0000000180014730 f i DelayImp:delayhlp.obj
 0001:000137c8       ?DloadProtectSection@@YAXKPEAK@Z 00000001800147c8 f i DelayImp:delayhlp.obj
 0001:00013858       ?DloadReleaseSectionWriteAccess@@YAXXZ 0000000180014858 f i DelayImp:delayhlp.obj
 0001:000138fc       __delayLoadHelper2         00000001800148fc f   DelayImp:delayhlp.obj
 0001:00013c10       _FindPESection             0000000180014c10 f   LIBCMT:pesect.obj
 0001:00013c60       _IsNonwritableInCurrentImage 0000000180014c60 f   LIBCMT:pesect.obj
 0001:00013cb0       _ValidateImageBase         0000000180014cb0 f   LIBCMT:pesect.obj
 0001:00013ce0       __GSHandlerCheck           0000000180014ce0 f   LIBCMT:_gshandler_.obj
 0001:00013d00       __GSHandlerCheckCommon     0000000180014d00 f   LIBCMT:_gshandler_.obj
 0001:00013d70       __chkstk                   0000000180014d70 f   LIBCMT:_chkstk_.obj
 0001:00013d70       _alloca_probe              0000000180014d70 f   LIBCMT:_chkstk_.obj
 0001:00013dc4       strrchr                    0000000180014dc4 f   libvcruntime:strrchr.obj
 0001:00013f20       memcmp                     0000000180014f20 f   libvcruntime:memcmp.obj
 0001:00014000       _guard_dispatch_icall_nop  0000000180015000 f   LIBCMT:_guard_dispatch_.obj
 0002:00000000       __imp_SystemFunction036    0000000180016000     advapi32:ADVAPI32.dll
 0002:00000008       \177ADVAPI32_NULL_THUNK_DATA 0000000180016008     advapi32:ADVAPI32.dll
 0002:00000010       __imp_GetSystemInfo        0000000180016010     kernel32:KERNEL32.dll
 0002:00000018       __imp_VirtualProtect       0000000180016018     kernel32:KERNEL32.dll
 0002:00000020       __imp_VirtualQuery         0000000180016020     kernel32:KERNEL32.dll
 0002:00000028       __imp_QueryPerformanceCounter 0000000180016028     kernel32:KERNEL32.dll
 0002:00000030       __imp_CreateFileW          0000000180016030     kernel32:KERNEL32.dll
 0002:00000038       __imp_WriteConsoleW        0000000180016038     kernel32:KERNEL32.dll
 0002:00000040       __imp_FlushFileBuffers     0000000180016040     kernel32:KERNEL32.dll
 0002:00000048       __imp_SetFilePointerEx     0000000180016048     kernel32:KERNEL32.dll
 0002:00000050       __imp_GetConsoleMode       0000000180016050     kernel32:KERNEL32.dll
 0002:00000058       __imp_GetConsoleCP         0000000180016058     kernel32:KERNEL32.dll
 0002:00000060       __imp_WriteFile            0000000180016060     kernel32:KERNEL32.dll
 0002:00000068       __imp_HeapReAlloc          0000000180016068     kernel32:KERNEL32.dll
 0002:00000070       __imp_HeapSize             0000000180016070     kernel32:KERNEL32.dll
 0002:00000078       __imp_SetStdHandle         0000000180016078     kernel32:KERNEL32.dll
 0002:00000080       __imp_GetStringTypeW       0000000180016080     kernel32:KERNEL32.dll
 0002:00000088       __imp_GetCommandLineW      0000000180016088     kernel32:KERNEL32.dll
 0002:00000090       __imp_GetCommandLineA      0000000180016090     kernel32:KERNEL32.dll
 0002:00000098       __imp_GetProcessHeap       0000000180016098     kernel32:KERNEL32.dll
 0002:000000a0       __imp_FreeEnvironmentStringsW 00000001800160a0     kernel32:KERNEL32.dll
 0002:000000a8       __imp_GetEnvironmentStringsW 00000001800160a8     kernel32:KERNEL32.dll
 0002:000000b0       __imp_GetCPInfo            00000001800160b0     kernel32:KERNEL32.dll
 0002:000000b8       __imp_GetOEMCP             00000001800160b8     kernel32:KERNEL32.dll
 0002:000000c0       __imp_IsValidCodePage      00000001800160c0     kernel32:KERNEL32.dll
 0002:000000c8       __imp_LCMapStringW         00000001800160c8     kernel32:KERNEL32.dll
 0002:000000d0       __imp_GetFileType          00000001800160d0     kernel32:KERNEL32.dll
 0002:000000d8       __imp_GetStdHandle         00000001800160d8     kernel32:KERNEL32.dll
 0002:000000e0       __imp_GetACP               00000001800160e0     kernel32:KERNEL32.dll
 0002:000000e8       __imp_HeapAlloc            00000001800160e8     kernel32:KERNEL32.dll
 0002:000000f0       __imp_HeapFree             00000001800160f0     kernel32:KERNEL32.dll
 0002:000000f8       __imp_WideCharToMultiByte  00000001800160f8     kernel32:KERNEL32.dll
 0002:00000100       __imp_MultiByteToWideChar  0000000180016100     kernel32:KERNEL32.dll
 0002:00000108       __imp_GetModuleHandleW     0000000180016108     kernel32:KERNEL32.dll
 0002:00000110       __imp_CloseHandle          0000000180016110     kernel32:KERNEL32.dll
 0002:00000118       __imp_EnterCriticalSection 0000000180016118     kernel32:KERNEL32.dll
 0002:00000120       __imp_LeaveCriticalSection 0000000180016120     kernel32:KERNEL32.dll
 0002:00000128       __imp_DeleteCriticalSection 0000000180016128     kernel32:KERNEL32.dll
 0002:00000130       __imp_SetEvent             0000000180016130     kernel32:KERNEL32.dll
 0002:00000138       __imp_ResetEvent           0000000180016138     kernel32:KERNEL32.dll
 0002:00000140       __imp_WaitForSingleObjectEx 0000000180016140     kernel32:KERNEL32.dll
 0002:00000148       __imp_CreateEventW         0000000180016148     kernel32:KERNEL32.dll
 0002:00000150       __imp_GetProcAddress       0000000180016150     kernel32:KERNEL32.dll
 0002:00000158       __imp_RtlCaptureContext    0000000180016158     kernel32:KERNEL32.dll
 0002:00000160       __imp_RtlLookupFunctionEntry 0000000180016160     kernel32:KERNEL32.dll
 0002:00000168       __imp_RtlVirtualUnwind     0000000180016168     kernel32:KERNEL32.dll
 0002:00000170       __imp_UnhandledExceptionFilter 0000000180016170     kernel32:KERNEL32.dll
 0002:00000178       __imp_SetUnhandledExceptionFilter 0000000180016178     kernel32:KERNEL32.dll
 0002:00000180       __imp_GetCurrentProcess    0000000180016180     kernel32:KERNEL32.dll
 0002:00000188       __imp_TerminateProcess     0000000180016188     kernel32:KERNEL32.dll
 0002:00000190       __imp_IsProcessorFeaturePresent 0000000180016190     kernel32:KERNEL32.dll
 0002:00000198       __imp_IsDebuggerPresent    0000000180016198     kernel32:KERNEL32.dll
 0002:000001a0       __imp_GetStartupInfoW      00000001800161a0     kernel32:KERNEL32.dll
 0002:000001a8       __imp_LoadLibraryExA       00000001800161a8     kernel32:KERNEL32.dll
 0002:000001b0       __imp_GetCurrentProcessId  00000001800161b0     kernel32:KERNEL32.dll
 0002:000001b8       __imp_GetCurrentThreadId   00000001800161b8     kernel32:KERNEL32.dll
 0002:000001c0       __imp_GetSystemTimeAsFileTime 00000001800161c0     kernel32:KERNEL32.dll
 0002:000001c8       __imp_InitializeSListHead  00000001800161c8     kernel32:KERNEL32.dll
 0002:000001d0       __imp_RtlPcToFileHeader    00000001800161d0     kernel32:KERNEL32.dll
 0002:000001d8       __imp_RaiseException       00000001800161d8     kernel32:KERNEL32.dll
 0002:000001e0       __imp_GetLastError         00000001800161e0     kernel32:KERNEL32.dll
 0002:000001e8       __imp_InitializeCriticalSectionAndSpinCount 00000001800161e8     kernel32:KERNEL32.dll
 0002:000001f0       __imp_TlsAlloc             00000001800161f0     kernel32:KERNEL32.dll
 0002:000001f8       __imp_TlsGetValue          00000001800161f8     kernel32:KERNEL32.dll
 0002:00000200       __imp_TlsSetValue          0000000180016200     kernel32:KERNEL32.dll
 0002:00000208       __imp_TlsFree              0000000180016208     kernel32:KERNEL32.dll
 0002:00000210       __imp_FreeLibrary          0000000180016210     kernel32:KERNEL32.dll
 0002:00000218       __imp_LoadLibraryExW       0000000180016218     kernel32:KERNEL32.dll
 0002:00000220       __imp_RtlUnwindEx          0000000180016220     kernel32:KERNEL32.dll
 0002:00000228       __imp_GetModuleFileNameW   0000000180016228     kernel32:KERNEL32.dll
 0002:00000230       __imp_InterlockedFlushSList 0000000180016230     kernel32:KERNEL32.dll
 0002:00000238       __imp_SetLastError         0000000180016238     kernel32:KERNEL32.dll
 0002:00000240       __imp_ExitProcess          0000000180016240     kernel32:KERNEL32.dll
 0002:00000248       __imp_GetModuleHandleExW   0000000180016248     kernel32:KERNEL32.dll
 0002:00000250       \177KERNEL32_NULL_THUNK_DATA 0000000180016250     kernel32:KERNEL32.dll
 0002:00000258       __imp_RfcDestroyFunction   0000000180016258     sapnwrfc:sapnwrfc.dll
 0002:00000260       __imp_RfcGetVersion        0000000180016260     sapnwrfc:sapnwrfc.dll
 0002:00000268       __imp_RfcCreateFunction    0000000180016268     sapnwrfc:sapnwrfc.dll
 0002:00000270       __imp_RfcPing              0000000180016270     sapnwrfc:sapnwrfc.dll
 0002:00000278       __imp_RfcOpenConnection    0000000180016278     sapnwrfc:sapnwrfc.dll
 0002:00000280       __imp_RfcCloseConnection   0000000180016280     sapnwrfc:sapnwrfc.dll
 0002:00000288       __imp_RfcGetConnectionAttributes 0000000180016288     sapnwrfc:sapnwrfc.dll
 0002:00000290       __imp_RfcInvoke            0000000180016290     sapnwrfc:sapnwrfc.dll
 0002:00000298       __imp_RfcGetFunctionDesc   0000000180016298     sapnwrfc:sapnwrfc.dll
 0002:000002a0       __imp_RfcGetParameterDescByIndex 00000001800162a0     sapnwrfc:sapnwrfc.dll
 0002:000002a8       __imp_RfcSetTime           00000001800162a8     sapnwrfc:sapnwrfc.dll
 0002:000002b0       __imp_RfcSetBytes          00000001800162b0     sapnwrfc:sapnwrfc.dll
 0002:000002b8       __imp_RfcSetInt1           00000001800162b8     sapnwrfc:sapnwrfc.dll
 0002:000002c0       __imp_RfcGetDate           00000001800162c0     sapnwrfc:sapnwrfc.dll
 0002:000002c8       __imp_RfcMoveTo            00000001800162c8     sapnwrfc:sapnwrfc.dll
 0002:000002d0       __imp_RfcGetBytes          00000001800162d0     sapnwrfc:sapnwrfc.dll
 0002:000002d8       __imp_RfcGetFieldDescByIndex 00000001800162d8     sapnwrfc:sapnwrfc.dll
 0002:000002e0       __imp_RfcGetInt1           00000001800162e0     sapnwrfc:sapnwrfc.dll
 0002:000002e8       __imp_RfcGetCurrentRow     00000001800162e8     sapnwrfc:sapnwrfc.dll
 0002:000002f0       __imp_RfcGetRowCount       00000001800162f0     sapnwrfc:sapnwrfc.dll
 0002:000002f8       __imp_RfcSetString         00000001800162f8     sapnwrfc:sapnwrfc.dll
 0002:00000300       __imp_RfcGetChars          0000000180016300     sapnwrfc:sapnwrfc.dll
 0002:00000308       __imp_RfcGetTable          0000000180016308     sapnwrfc:sapnwrfc.dll
 0002:00000310       __imp_RfcGetStringLength   0000000180016310     sapnwrfc:sapnwrfc.dll
 0002:00000318       __imp_RfcSetDate           0000000180016318     sapnwrfc:sapnwrfc.dll
 0002:00000320       __imp_RfcSetXString        0000000180016320     sapnwrfc:sapnwrfc.dll
 0002:00000328       __imp_RfcGetInt2           0000000180016328     sapnwrfc:sapnwrfc.dll
 0002:00000330       __imp_RfcSetInt2           0000000180016330     sapnwrfc:sapnwrfc.dll
 0002:00000338       __imp_RfcGetInt            0000000180016338     sapnwrfc:sapnwrfc.dll
 0002:00000340       __imp_RfcSetInt            0000000180016340     sapnwrfc:sapnwrfc.dll
 0002:00000348       __imp_RfcSetChars          0000000180016348     sapnwrfc:sapnwrfc.dll
 0002:00000350       __imp_RfcGetStructure      0000000180016350     sapnwrfc:sapnwrfc.dll
 0002:00000358       __imp_RfcGetXString        0000000180016358     sapnwrfc:sapnwrfc.dll
 0002:00000360       __imp_RfcSAPUCToUTF8       0000000180016360     sapnwrfc:sapnwrfc.dll
 0002:00000368       __imp_RfcGetFieldCount     0000000180016368     sapnwrfc:sapnwrfc.dll
 0002:00000370       __imp_RfcGetFloat          0000000180016370     sapnwrfc:sapnwrfc.dll
 0002:00000378       __imp_RfcGetParameterCount 0000000180016378     sapnwrfc:sapnwrfc.dll
 0002:00000380       __imp_RfcUTF8ToSAPUC       0000000180016380     sapnwrfc:sapnwrfc.dll
 0002:00000388       __imp_RfcSetNum            0000000180016388     sapnwrfc:sapnwrfc.dll
 0002:00000390       __imp_RfcGetNum            0000000180016390     sapnwrfc:sapnwrfc.dll
 0002:00000398       __imp_RfcSetFloat          0000000180016398     sapnwrfc:sapnwrfc.dll
 0002:000003a0       __imp_RfcGetTime           00000001800163a0     sapnwrfc:sapnwrfc.dll
 0002:000003a8       __imp_RfcGetParameterDescByName 00000001800163a8     sapnwrfc:sapnwrfc.dll
 0002:000003b0       __imp_RfcGetString         00000001800163b0     sapnwrfc:sapnwrfc.dll
 0002:000003b8       __imp_RfcAppendNewRow      00000001800163b8     sapnwrfc:sapnwrfc.dll
 0002:000003c0       __imp_RfcGetFieldDescByName 00000001800163c0     sapnwrfc:sapnwrfc.dll
 0002:000003c8       \177sapnwrfc_NULL_THUNK_DATA 00000001800163c8     sapnwrfc:sapnwrfc.dll
 0002:000003d0       __guard_check_icall_fptr   00000001800163d0     LIBCMT:guard_support.obj
 0002:000003d8       __guard_dispatch_icall_fptr 00000001800163d8     LIBCMT:guard_support.obj
 0002:000003e0       __xc_a                     00000001800163e0     LIBCMT:initializers.obj
 0002:000003f0       _register_rfc_             00000001800163f0     rfc.obj
 0002:000003f8       __xc_z                     00000001800163f8     LIBCMT:initializers.obj
 0002:00000400       __xi_a                     0000000180016400     LIBCMT:initializers.obj
 0002:00000410       __acrt_stdio_initializer   0000000180016410     libucrt:stdio_initializer.obj
 0002:00000418       __acrt_multibyte_initializer 0000000180016418     libucrt:multibyte_initializer.obj
 0002:00000420       __acrt_tran_fma3_initializer 0000000180016420     libucrt:fma3_initializer.obj
 0002:00000428       __xi_z                     0000000180016428     LIBCMT:initializers.obj
 0002:00000430       __xl_a                     0000000180016430     LIBCMT:tlssup.obj
 0002:00000438       __xl_z                     0000000180016438     LIBCMT:tlssup.obj
 0002:00000440       __xp_a                     0000000180016440     LIBCMT:initializers.obj
 0002:00000448       __acrt_locale_terminator   0000000180016448     libucrt:locale_initializer.obj
 0002:00000450       __dcrt_console_output_terminator 0000000180016450     libucrt:console_output_initializer.obj
 0002:00000458       __acrt_stdio_terminator    0000000180016458     libucrt:stdio_initializer.obj
 0002:00000460       __xp_z                     0000000180016460     LIBCMT:initializers.obj
 0002:00000468       __xt_a                     0000000180016468     LIBCMT:initializers.obj
 0002:00000470       __xt_z                     0000000180016470     LIBCMT:initializers.obj
 0002:00000480       __sz_node_exe              0000000180016480     node:node.exe
 0002:00000498       ??_7exception@std@@6B@     0000000180016498     libcpmt:xthrow.obj
 0002:000004a8       ??_C@_0BC@EOODALEL@Unknown?5exception?$AA@ 00000001800164a8     libcpmt:xthrow.obj
 0002:000004c8       ??_7bad_alloc@std@@6B@     00000001800164c8     libcpmt:xthrow.obj
 0002:000004d8       ??_C@_0P@GHFPNOJB@bad?5allocation?$AA@ 00000001800164d8     libcpmt:xthrow.obj
 0002:000004f0       ??_7logic_error@std@@6B@   00000001800164f0     libcpmt:xthrow.obj
 0002:00000508       ??_7length_error@std@@6B@  0000000180016508     libcpmt:xthrow.obj
 0002:00000520       ??_7out_of_range@std@@6B@  0000000180016520     libcpmt:xthrow.obj
 0002:00000530       ??_C@_1BK@MGMFAEKH@?$AAk?$AAe?$AAr?$AAn?$AAe?$AAl?$AA3?$AA2?$AA?4?$AAd?$AAl?$AAl?$AA?$AA@ 0000000180016530     LIBCMT:thread_safe_statics.obj
 0002:00000550       ??_C@_0BM@HLJJNPAH@InitializeConditionVariable?$AA@ 0000000180016550     LIBCMT:thread_safe_statics.obj
 0002:00000570       ??_C@_0BJ@JEBJOJFJ@SleepConditionVariableCS?$AA@ 0000000180016570     LIBCMT:thread_safe_statics.obj
 0002:00000590       ??_C@_0BJ@PGPPEPCC@WakeAllConditionVariable?$AA@ 0000000180016590     LIBCMT:thread_safe_statics.obj
 0002:000005b0       _pDefaultRawDllMain        00000001800165b0     LIBCMT:dll_dllmain.obj
 0002:000005b0       _pRawDllMain               00000001800165b0     LIBCMT:dll_dllmain.obj
 0002:000005c0       ??_7type_info@@6B@         00000001800165c0     LIBCMT:std_type_info_static.obj
 0002:000005e0       ??_7bad_array_new_length@std@@6B@ 00000001800165e0     LIBCMT:throw_bad_alloc.obj
 0002:000005f0       ??_C@_0BF@KINCDENJ@bad?5array?5new?5length?$AA@ 00000001800165f0     LIBCMT:throw_bad_alloc.obj
 0002:00000670       ??_C@_1BC@DNHGCMLG@?$AAa?$AAd?$AAv?$AAa?$AAp?$AAi?$AA3?$AA2?$AA?$AA@ 0000000180016670     libvcruntime:winapi_downlevel.obj
 0002:00000688       ??_C@_1DM@KHCHBNEB@?$AAa?$AAp?$AAi?$AA?9?$AAm?$AAs?$AA?9?$AAw?$AAi?$AAn?$AA?9?$AAc?$AAo?$AAr?$AAe?$AA?9?$AAf?$AAi?$AAb?$AAe?$AAr?$AAs?$AA?9?$AAl?$AA1?$AA?9?$AA1?$AA?9?$AA1?$AA?$AA@ 0000000180016688     libvcruntime:winapi_downlevel.obj
 0002:000006c8       ??_C@_1DK@LPPGFMPP@?$AAa?$AAp?$AAi?$AA?9?$AAm?$AAs?$AA?9?$AAw?$AAi?$AAn?$AA?9?$AAc?$AAo?$AAr?$AAe?$AA?9?$AAs?$AAy?$AAn?$AAc?$AAh?$AA?9?$AAl?$AA1?$AA?9?$AA2?$AA?9?$AA0?$AA?$AA@ 00000001800166c8     libvcruntime:winapi_downlevel.obj
 0002:00000708       ??_C@_1BC@GDMECMAK@?$AAk?$AAe?$AAr?$AAn?$AAe?$AAl?$AA3?$AA2?$AA?$AA@ 0000000180016708     libvcruntime:winapi_downlevel.obj
 0002:00000720       ??_C@_0O@BAMBGLIE@EventRegister?$AA@ 0000000180016720     libvcruntime:winapi_downlevel.obj
 0002:00000738       ??_C@_0BE@BJEEGHGK@EventSetInformation?$AA@ 0000000180016738     libvcruntime:winapi_downlevel.obj
 0002:00000750       ??_C@_0BA@FAKLIPIC@EventUnregister?$AA@ 0000000180016750     libvcruntime:winapi_downlevel.obj
 0002:00000768       ??_C@_0BD@PKLHJPHD@EventWriteTransfer?$AA@ 0000000180016768     libvcruntime:winapi_downlevel.obj
 0002:00000788       ??_C@_08KNHFBNJ@FlsAlloc?$AA@ 0000000180016788     libvcruntime:winapi_downlevel.obj
 0002:000007a0       ??_C@_07PEJMOBNF@FlsFree?$AA@ 00000001800167a0     libvcruntime:winapi_downlevel.obj
 0002:000007b0       ??_C@_0M@GDNOONDI@FlsGetValue?$AA@ 00000001800167b0     libvcruntime:winapi_downlevel.obj
 0002:000007c8       ??_C@_0M@JCPCPOEF@FlsSetValue?$AA@ 00000001800167c8     libvcruntime:winapi_downlevel.obj
 0002:000007e0       ??_C@_0BM@HCFOFFN@InitializeCriticalSectionEx?$AA@ 00000001800167e0     libvcruntime:winapi_downlevel.obj
 0002:00000800       _Microsoft_CRTProvider     0000000180016800     libvcruntime:telemetry.obj
 0002:00000808       ??_C@_11LOCGONAA@?$AA?$AA@ 0000000180016808     libvcruntime:telemetry.obj
 0002:00000810       ??_C@_0O@JEOPJOMI@Main?5Invoked?4?$AA@ 0000000180016810     libvcruntime:telemetry.obj
 0002:00000820       ??_C@_0P@NEAEIBDO@Main?5Returned?4?$AA@ 0000000180016820     libvcruntime:telemetry.obj
 0002:00000830       ??_C@_01JOAMLHOP@?9?$AA@   0000000180016830     libvcruntime:undname.obj
 0002:00000834       ??_C@_01MIFGBAGJ@?$CL?$AA@ 0000000180016834     libvcruntime:undname.obj
 0002:00000838       ??_C@_01HNPIGOCE@?$CG?$AA@ 0000000180016838     libvcruntime:undname.obj
 0002:0000083c       ??_C@_03MNHNFDLC@?9?$DO?$CK?$AA@ 000000018001683c     libvcruntime:undname.obj
 0002:00000840       ??_C@_01KMDKNFGN@?1?$AA@   0000000180016840     libvcruntime:undname.obj
 0002:00000844       ??_C@_01FGNFDNOH@?$CF?$AA@ 0000000180016844     libvcruntime:undname.obj
 0002:00000848       ??_C@_01MNNFJEPP@?$DM?$AA@ 0000000180016848     libvcruntime:undname.obj
 0002:0000084c       ??_C@_02EHCHHCKH@?$DM?$DN?$AA@ 000000018001684c     libvcruntime:undname.obj
 0002:00000850       ??_C@_01PPODPGHN@?$DO?$AA@ 0000000180016850     libvcruntime:undname.obj
 0002:00000854       ??_C@_02EEKDKGMJ@?$DO?$DN?$AA@ 0000000180016854     libvcruntime:undname.obj
 0002:00000858       ??_C@_01IHBHIGKO@?0?$AA@   0000000180016858     libvcruntime:undname.obj
 0002:0000085c       ??_C@_02HCKGKOFO@?$CI?$CJ?$AA@ 000000018001685c     libvcruntime:undname.obj
 0002:00000860       ??_C@_01PJKLJHI@?$HO?$AA@  0000000180016860     libvcruntime:undname.obj
 0002:00000864       ??_C@_01JKBOJNNK@?$FO?$AA@ 0000000180016864     libvcruntime:undname.obj
 0002:00000868       ??_C@_01DNKMNLPK@?$HM?$AA@ 0000000180016868     libvcruntime:undname.obj
 0002:0000086c       ??_C@_02PPKAJPJL@?$CG?$CG?$AA@ 000000018001686c     libvcruntime:undname.obj
 0002:00000870       ??_C@_02NONPIBCD@?$HM?$HM?$AA@ 0000000180016870     libvcruntime:undname.obj
 0002:00000874       ??_C@_02FPIMKNGF@?$CK?$DN?$AA@ 0000000180016874     libvcruntime:undname.obj
 0002:00000878       ??_C@_02FOEOMHFC@?$CL?$DN?$AA@ 0000000180016878     libvcruntime:undname.obj
 0002:0000087c       ??_C@_02FKMDLLOA@?9?$DN?$AA@ 000000018001687c     libvcruntime:undname.obj
 0002:00000880       ??_C@_02FJEHGPIO@?1?$DN?$AA@ 0000000180016880     libvcruntime:undname.obj
 0002:00000884       ??_C@_02FENAOKFI@?$CF?$DN?$AA@ 0000000180016884     libvcruntime:undname.obj
 0002:00000888       ??_C@_03IKFCCPFF@?$DO?$DO?$DN?$AA@ 0000000180016888     libvcruntime:undname.obj
 0002:0000088c       ??_C@_03CDNPDDLA@?$DM?$DM?$DN?$AA@ 000000018001688c     libvcruntime:undname.obj
 0002:00000890       ??_C@_02FGJGFEAB@?$CG?$DN?$AA@ 0000000180016890     libvcruntime:undname.obj
 0002:00000894       ??_C@_02DHLNPPGH@?$HM?$DN?$AA@ 0000000180016894     libvcruntime:undname.obj
 0002:00000898       ??_C@_02MHEGNOJ@?$FO?$DN?$AA@ 0000000180016898     libvcruntime:undname.obj
 0002:000008a0       ??_C@_09IFPLHPGF@?$GAvftable?8?$AA@ 00000001800168a0     libvcruntime:undname.obj
 0002:000008b0       ??_C@_09BLBHBJP@?$GAvbtable?8?$AA@ 00000001800168b0     libvcruntime:undname.obj
 0002:000008c0       ??_C@_07FEEIOKP@?$GAvcall?8?$AA@ 00000001800168c0     libvcruntime:undname.obj
 0002:000008c8       ??_C@_08LLFFHHDJ@?$GAtypeof?8?$AA@ 00000001800168c8     libvcruntime:undname.obj
 0002:000008d8       ??_C@_0BF@KDPPACIK@?$GAlocal?5static?5guard?8?$AA@ 00000001800168d8     libvcruntime:undname.obj
 0002:000008f0       ??_C@_08OBABFOLI@?$GAstring?8?$AA@ 00000001800168f0     libvcruntime:undname.obj
 0002:00000900       ??_C@_0BD@JDLKDPAB@?$GAvbase?5destructor?8?$AA@ 0000000180016900     libvcruntime:undname.obj
 0002:00000918       ??_C@_0BN@DEGPLNFK@?$GAvector?5deleting?5destructor?8?$AA@ 0000000180016918     libvcruntime:undname.obj
 0002:00000938       ??_C@_0BO@OBMKPJIG@?$GAdefault?5constructor?5closure?8?$AA@ 0000000180016938     libvcruntime:undname.obj
 0002:00000958       ??_C@_0BN@IMDCHIKM@?$GAscalar?5deleting?5destructor?8?$AA@ 0000000180016958     libvcruntime:undname.obj
 0002:00000978       ??_C@_0BO@PFGOCPJJ@?$GAvector?5constructor?5iterator?8?$AA@ 0000000180016978     libvcruntime:undname.obj
 0002:00000998       ??_C@_0BN@LFPFMEDL@?$GAvector?5destructor?5iterator?8?$AA@ 0000000180016998     libvcruntime:undname.obj
 0002:000009b8       ??_C@_0CE@IKBNEHA@?$GAvector?5vbase?5constructor?5iterat@ 00000001800169b8     libvcruntime:undname.obj
 0002:000009e0       ??_C@_0BL@NILFHHPC@?$GAvirtual?5displacement?5map?8?$AA@ 00000001800169e0     libvcruntime:undname.obj
 0002:00000a00       ??_C@_0CB@JONCMFFK@?$GAeh?5vector?5constructor?5iterator?8@ 0000000180016a00     libvcruntime:undname.obj
 0002:00000a28       ??_C@_0CA@GCEOPDGL@?$GAeh?5vector?5destructor?5iterator?8?$AA@ 0000000180016a28     libvcruntime:undname.obj
 0002:00000a48       ??_C@_0CH@OOJPLCPH@?$GAeh?5vector?5vbase?5constructor?5ite@ 0000000180016a48     libvcruntime:undname.obj
 0002:00000a70       ??_C@_0BL@LLKPOHJI@?$GAcopy?5constructor?5closure?8?$AA@ 0000000180016a70     libvcruntime:undname.obj
 0002:00000a90       ??_C@_0BA@KBCDOMBN@?$GAudt?5returning?8?$AA@ 0000000180016a90     libvcruntime:undname.obj
 0002:00000aa0       ??_C@_03KLGMFNMG@?$GAEH?$AA@ 0000000180016aa0     libvcruntime:undname.obj
 0002:00000aa4       ??_C@_05KHLCHHI@?$GARTTI?$AA@ 0000000180016aa4     libvcruntime:undname.obj
 0002:00000ab0       ??_C@_0BA@KKLDJDLB@?$GAlocal?5vftable?8?$AA@ 0000000180016ab0     libvcruntime:undname.obj
 0002:00000ac0       ??_C@_0CE@IIHCMGGL@?$GAlocal?5vftable?5constructor?5closu@ 0000000180016ac0     libvcruntime:undname.obj
 0002:00000ae4       ??_C@_06FHBGPFGH@?5new?$FL?$FN?$AA@ 0000000180016ae4     libvcruntime:undname.obj
 0002:00000af0       ??_C@_09LBNFPBCA@?5delete?$FL?$FN?$AA@ 0000000180016af0     libvcruntime:undname.obj
 0002:00000b00       ??_C@_0P@HJKNJFNN@?$GAomni?5callsig?8?$AA@ 0000000180016b00     libvcruntime:undname.obj
 0002:00000b10       ??_C@_0BL@CNOONJFP@?$GAplacement?5delete?5closure?8?$AA@ 0000000180016b10     libvcruntime:undname.obj
 0002:00000b30       ??_C@_0BN@CKNJLHMB@?$GAplacement?5delete?$FL?$FN?5closure?8?$AA@ 0000000180016b30     libvcruntime:undname.obj
 0002:00000b50       ??_C@_0CG@CFDHKGGD@?$GAmanaged?5vector?5constructor?5iter@ 0000000180016b50     libvcruntime:undname.obj
[...]
 0004:00000d14       $pdata$?setSBUpLow@@YAXPEAU__crt_multibyte_data@@@Z 0000000180024d14     libucrt:mbctype.obj
 0004:00000d20       $pdata$?setmbcp_internal@@YAHH_N@Z 0000000180024d20     libucrt:mbctype.obj
 0004:00000d2c       $pdata$__acrt_initialize_multibyte 0000000180024d2c     libucrt:mbctype.obj
 0004:00000d38       $pdata$__acrt_update_thread_multibyte_data 0000000180024d38     libucrt:mbctype.obj
 0004:00000d44       $pdata$_setmbcp_nolock     0000000180024d44     libucrt:mbctype.obj
 0004:00000d50       $pdata$__dcrt_get_narrow_environment_from_os 0000000180024d50     libucrt:get_environment_from_os.obj
 0004:00000d5c       $pdata$_recalloc_base      0000000180024d5c     libucrt:recalloc.obj
 0004:00000d68       $pdata$__acrt_initialize_heap 0000000180024d68     libucrt:heap_handle.obj
 0004:00000d74       $pdata$__acrt_initialize_command_line 0000000180024d74     libucrt:argv_data.obj
 0004:00000d80       $pdata$__acrt_execute_initializers 0000000180024d80     libucrt:shared_initialization.obj
 0004:00000d8c       $pdata$__acrt_execute_uninitializers 0000000180024d8c     libucrt:shared_initialization.obj
 0004:00000d98       $pdata$??$?RV<lambda_c36588078e9f5dfd39652860aa6b3aaf>@@AEAV<lambda_ec61778202f4f5fc7e7711acc23c3bca>@@V<lambda_dc9d2797ccde5d239b4a0efae8ebd7db>@@@?$__crt_seh_guarded_call@P6AXH@Z@@QEAAP6AXH@Z$$QEAV<lambda_c36588078e9f5dfd39652860aa6b3aaf>@@AEAV<lambda_ec61778202f4f5fc7e7711acc23c3bca>@@$$QEAV<lambda_dc9d2797ccde5d239b4a0efae8ebd7db>@@@Z 0000000180024d98     libucrt:signal.obj
 0004:00000da4       $pdata$__acrt_get_sigabrt_handler 0000000180024da4     libucrt:signal.obj
 0004:00000db0       $pdata$raise               0000000180024db0     libucrt:signal.obj
 0004:00000dbc       $pdata$__acrt_invoke_user_matherr 0000000180024dbc     libucrt:matherr.obj
 0004:00000dc8       $pdata$_isleadbyte_l       0000000180024dc8     libucrt:_wctype.obj
 0004:00000dd4       $pdata$?__acrt_LCMapStringA_stat@@YAHPEAU__crt_locale_pointers@@PEB_WKPEBDHPEADHHH@Z 0000000180024dd4     libucrt:lcmapstringa.obj
 0004:00000de0       $pdata$__acrt_LCMapStringA 0000000180024de0     libucrt:lcmapstringa.obj
 0004:00000dec       $pdata$__acrt_free_locale  0000000180024dec     libucrt:locale_refcounting.obj
 0004:00000df8       $pdata$__acrt_locale_free_lc_time_if_unreferenced 0000000180024df8     libucrt:locale_refcounting.obj
 0004:00000e04       $pdata$__acrt_release_locale_ref 0000000180024e04     libucrt:locale_refcounting.obj
 0004:00000e10       $pdata$__acrt_update_thread_locale_data 0000000180024e10     libucrt:locale_refcounting.obj
 0004:00000e1c       $pdata$_updatetlocinfoEx_nolock 0000000180024e1c     libucrt:locale_refcounting.obj
 0004:00000e28       $pdata$__acrt_fp_strflt_to_string 0000000180024e28     libucrt:_fptostr.obj
 0004:00000e34       $pdata$?divide@__crt_strtox@@YA_KAEAUbig_integer@1@AEBU21@@Z 0000000180024e34     libucrt:cfout.obj
 0004:00000e40       $pdata$5$?divide@__crt_strtox@@YA_KAEAUbig_integer@1@AEBU21@@Z 0000000180024e40     libucrt:cfout.obj
 0004:00000e4c       $pdata$6$?divide@__crt_strtox@@YA_KAEAUbig_integer@1@AEBU21@@Z 0000000180024e4c     libucrt:cfout.obj
 0004:00000e58       $pdata$__acrt_fltout       0000000180024e58     libucrt:cfout.obj
 0004:00000e64       $pdata$memcpy_s            0000000180024e64     libucrt:cfout.obj
 0004:00000e70       $pdata$_fcloseall          0000000180024e70     libucrt:closeall.obj
 0004:00000e7c       $pdata$__acrt_stdio_flush_nolock 0000000180024e7c     libucrt:fflush.obj
 0004:00000e88       $pdata$_fflush_nolock      0000000180024e88     libucrt:fflush.obj
 0004:00000e94       $pdata$common_flush_all    0000000180024e94     libucrt:fflush.obj
 0004:00000ea0       $pdata$__acrt_stdio_free_buffer_nolock 0000000180024ea0     libucrt:_freebuf.obj
 0004:00000eac       $pdata$_isatty             0000000180024eac     libucrt:isatty.obj
 0004:00000eb8       $pdata$__acrt_locale_free_monetary 0000000180024eb8     libucrt:initmon.obj
 0004:00000ec4       $pdata$__acrt_locale_free_numeric 0000000180024ec4     libucrt:initnum.obj
 0004:00000ed0       $pdata$?free_crt_array_internal@@YAXQEAPEBX_K@Z 0000000180024ed0     libucrt:inittime.obj
 0004:00000edc       $pdata$__acrt_locale_free_time 0000000180024edc     libucrt:inittime.obj
 0004:00000ee8       $pdata$__acrt_GetStringTypeA 0000000180024ee8     libucrt:getstringtypea.obj
 0004:00000ef4       $pdata$__acrt_lowio_create_handle_array 0000000180024ef4     libucrt:osfinfo.obj
 0004:00000f00       $pdata$__acrt_lowio_destroy_handle_array 0000000180024f00     libucrt:osfinfo.obj
 0004:00000f0c       $pdata$__acrt_lowio_ensure_fh_exists 0000000180024f0c     libucrt:osfinfo.obj
 0004:00000f18       $pdata$_free_osfhnd        0000000180024f18     libucrt:osfinfo.obj
 0004:00000f24       $pdata$_get_osfhandle      0000000180024f24     libucrt:osfinfo.obj
 0004:00000f30       $pdata$?GetTableIndexFromLocaleName@@YAHPEB_W@Z 0000000180024f30     libucrt:lcidtoname_downlevel.obj
 0004:00000f3c       $pdata$__acrt_DownlevelLocaleNameToLCID 0000000180024f3c     libucrt:lcidtoname_downlevel.obj
 0004:00000f48       $pdata$?initialize_multibyte@@YAHXZ 0000000180024f48     libucrt:multibyte_initializer.obj
 0004:00000f54       $pdata$_msize              0000000180024f54     libucrt:msize.obj
 0004:00000f60       $pdata$_realloc_base       0000000180024f60     libucrt:realloc_base.obj
 0004:00000f6c       $pdata$fegetenv            0000000180024f6c     libucrt:fegetenv.obj
 0004:00000f78       $pdata$fesetenv            0000000180024f78     libucrt:fesetenv.obj
 0004:00000f84       $pdata$feholdexcept        0000000180024f84     libucrt:feholdexcept.obj
 0004:00000f9c       $pdata$?write_double_translated_ansi_nolock@@YA?AUwrite_result@?A0x9c548279@@HQEBDI@Z 0000000180024f9c     libucrt:write.obj
 0004:00000fa8       $pdata$?write_text_ansi_nolock@@YA?AUwrite_result@?A0x9c548279@@HQEBDI@Z 0000000180024fa8     libucrt:write.obj
 0004:00000fb4       $pdata$?write_text_utf16le_nolock@@YA?AUwrite_result@?A0x9c548279@@HQEBDI@Z 0000000180024fb4     libucrt:write.obj
 0004:00000fc0       $pdata$?write_text_utf8_nolock@@YA?AUwrite_result@?A0x9c548279@@HQEBDI@Z 0000000180024fc0     libucrt:write.obj
 0004:00000fcc       $pdata$_write              0000000180024fcc     libucrt:write.obj
 0004:00000fd8       $pdata$_write_nolock       0000000180024fd8     libucrt:write.obj
 0004:00000fe4       $pdata$??$common_lseek_nolock@_J@@YA_JH_JH@Z 0000000180024fe4     libucrt:lseek.obj
 0004:00000ff0       $pdata$_fclose_nolock      0000000180024ff0     libucrt:fclose.obj
 0004:00000ffc       $pdata$fclose              0000000180024ffc     libucrt:fclose.obj
 0004:00001008       $pdata$??$?RV<lambda_b521505b218e5242e90febf6bfebc422>@@AEAV<lambda_6978c1fb23f02e42e1d9e99668cc68aa>@@V<lambda_314360699dd331753a4119843814e9a7>@@@?$__crt_seh_guarded_call@H@@QEAAH$$QEAV<lambda_b521505b218e5242e90febf6bfebc422>@@AEAV<lambda_6978c1fb23f02e42e1d9e99668cc68aa>@@$$QEAV<lambda_314360699dd331753a4119843814e9a7>@@@Z 0000000180025008     libucrt:commit.obj
 0004:00001014       $pdata$_commit             0000000180025014     libucrt:commit.obj
 0004:00001020       $pdata$_getfpcontrolword   0000000180025020     libucrt:_fenvutils.obj
 0004:0000102c       $pdata$_getfpstatusword    000000018002502c     libucrt:_fenvutils.obj
 0004:00001038       $pdata$_setfpstatusword    0000000180025038     libucrt:_fenvutils.obj
 0004:00001044       $pdata$_clearfp            0000000180025044     libucrt:ieee.obj
 0004:00001050       $pdata$common_control87    0000000180025050     libucrt:ieee.obj
 0004:0000105c       $pdata$_call_matherr       000000018002505c     libucrt:libm_error.obj
 0004:00001068       $pdata$_exception_enabled  0000000180025068     libucrt:libm_error.obj
 0004:00001074       $pdata$_handle_error       0000000180025074     libucrt:libm_error.obj
 0004:00001080       $pdata$__acrt_initialize_fma3 0000000180025080     libucrt:fma3_available.obj
 0004:0000108c       $pdata$_log10_special      000000018002508c     libucrt:log_special.obj
 0004:00001098       $pdata$_log_special_common 0000000180025098     libucrt:log_special.obj
 0004:000010a4       $pdata$_putwch_nolock      00000001800250a4     libucrt:putwch.obj
 0004:000010b0       $pdata$??$?RV<lambda_bfedae4ebbf01fab1bb6dcc6a9e276e0>@@AEAV<lambda_2fe9b910cf3cbf4a0ab98a02ba45b3ec>@@V<lambda_237c231691f317818eb88cc1d5d642d6>@@@?$__crt_seh_guarded_call@H@@QEAAH$$QEAV<lambda_bfedae4ebbf01fab1bb6dcc6a9e276e0>@@AEAV<lambda_2fe9b910cf3cbf4a0ab98a02ba45b3ec>@@$$QEAV<lambda_237c231691f317818eb88cc1d5d642d6>@@@Z 00000001800250b0     libucrt:close.obj
 0004:000010bc       $pdata$_close              00000001800250bc     libucrt:close.obj
 0004:000010c8       $pdata$_close_nolock       00000001800250c8     libucrt:close.obj
 0004:000010e0       $pdata$_raise_exc          00000001800250e0     libucrt:fpexcept.obj
 0004:000010ec       $pdata$_raise_exc_ex       00000001800250ec     libucrt:fpexcept.obj
 0004:000010f8       $pdata$_set_errno_from_matherr 00000001800250f8     libucrt:fpexcept.obj
 0004:00001104       $pdata$_clrfp              0000000180025104     libucrt:fpctrl.obj
 0004:00001110       $pdata$_ctrlfp             0000000180025110     libucrt:fpctrl.obj
 0004:0000111c       $pdata$_set_statfp         000000018002511c     libucrt:fpctrl.obj
 0004:00001128       $pdata$_statfp             0000000180025128     libucrt:fpctrl.obj
 0004:00001134       $pdata$__dcrt_lowio_initialize_console_output 0000000180025134     libucrt:initcon.obj
 0004:00001140       $pdata$__dcrt_terminate_console_output 0000000180025140     libucrt:initcon.obj
 0004:0000114c       $pdata$?DloadAcquireSectionWriteAccess@@YAXXZ 000000018002514c     DelayImp:delayhlp.obj
 0004:00001158       $pdata$?DloadGetSRWLockFunctionPointers@@YAEXZ 0000000180025158     DelayImp:delayhlp.obj
 0004:00001164       $pdata$?DloadMakePermanentImageCommit@@YAXPEAX_K@Z 0000000180025164     DelayImp:delayhlp.obj
 0004:00001170       $pdata$?DloadObtainSection@@YAPEAXPEAK0@Z 0000000180025170     DelayImp:delayhlp.obj
 0004:0000117c       $pdata$?DloadProtectSection@@YAXKPEAK@Z 000000018002517c     DelayImp:delayhlp.obj
 0004:00001188       $pdata$?DloadReleaseSectionWriteAccess@@YAXXZ 0000000180025188     DelayImp:delayhlp.obj
 0004:00001194       $pdata$__delayLoadHelper2  0000000180025194     DelayImp:delayhlp.obj
 0004:000011a0       $pdata$_IsNonwritableInCurrentImage 00000001800251a0     LIBCMT:pesect.obj
 0004:000011ac       $pdata$__GSHandlerCheck    00000001800251ac     LIBCMT:_gshandler_.obj
 0004:000011b8       $pdata$__GSHandlerCheckCommon 00000001800251b8     LIBCMT:_gshandler_.obj
 0004:000011d0       $pdata$strrchr             00000001800251d0     libvcruntime:strrchr.obj
 0004:000011f4       $pdata$__scrt_is_nonwritable_in_current_image$filt$0 00000001800251f4     LIBCMT:utility.obj
 0004:00001200       $pdata$?fin$0@?0??dllmain_crt_process_attach@@YAHQEAUHINSTANCE__@@QEAX@Z@4HA 0000000180025200     LIBCMT:dll_dllmain.obj
 0004:0000120c       $pdata$?fin$0@?0??dllmain_crt_process_detach@@YAH_N@Z@4HA 000000018002520c     LIBCMT:dll_dllmain.obj
 0004:00001218       $pdata$?filt$0@?0??dllmain_dispatch@@YAHQEAUHINSTANCE__@@KQEAX@Z@4HA 0000000180025218     LIBCMT:dll_dllmain.obj
 0004:00001224       $pdata$_query_new_handler$fin$0 0000000180025224     libucrt:new_handler.obj
 0004:00001230       $pdata$?filt$0@?0??common_exit@@YAXHW4_crt_exit_cleanup_mode@@W4_crt_exit_return_mode@@@Z@4HA 0000000180025230     libucrt:exit.obj
 0004:0000123c       $pdata$?fin$1@?0??common_exit@@YAXHW4_crt_exit_cleanup_mode@@W4_crt_exit_return_mode@@@Z@4HA 000000018002523c     libucrt:exit.obj
 0004:00001248       $pdata$?fin$0@?0???$?RV<lambda_72d1df2b273a38828b1ce30cbf4cdab5>@@AEAV<lambda_876a65b173b8412d3a47c70a915b0cf4>@@V<lambda_41932305e351933ebe8f8be3ed8bb5dc>@@@?$__crt_seh_guarded_call@X@@QEAAX$$QEAV<lambda_72d1df2b273a38828b1ce30cbf4cdab5>@@AEAV<lambda_876a65b173b8412d3a47c70a915b0cf4>@@$$QEAV<lambda_41932305e351933ebe8f8be3ed8bb5dc>@@@Z@4HA 0000000180025248     libucrt:per_thread_data.obj
 0004:00001248       $pdata$?fin$0@?0???$?RV<lambda_c36588078e9f5dfd39652860aa6b3aaf>@@AEAV<lambda_ec61778202f4f5fc7e7711acc23c3bca>@@V<lambda_dc9d2797ccde5d239b4a0efae8ebd7db>@@@?$__crt_seh_guarded_call@P6AXH@Z@@QEAAP6AXH@Z$$QEAV<lambda_c36588078e9f5dfd39652860aa6b3aaf>@@AEAV<lambda_ec61778202f4f5fc7e7711acc23c3bca>@@$$QEAV<lambda_dc9d2797ccde5d239b4a0efae8ebd7db>@@@Z@4HA 0000000180025248     libucrt:signal.obj
 0004:00001248       $pdata$?fin$0@?0???$?RV<lambda_5e887d1dcbef67a5eb4283622ba103bf>@@AEAV<lambda_4466841279450cc726390878d4a41900>@@V<lambda_341c25c0346d94847f1f3c463c57e077>@@@?$__crt_seh_guarded_call@X@@QEAAX$$QEAV<lambda_5e887d1dcbef67a5eb4283622ba103bf>@@AEAV<lambda_4466841279450cc726390878d4a41900>@@$$QEAV<lambda_341c25c0346d94847f1f3c463c57e077>@@@Z@4HA 0000000180025248     libucrt:per_thread_data.obj
 0004:00001248       $pdata$?fin$0@?0???$?RV<lambda_99476a1ad63dd22509b5d3e65b0ffc95>@@AEAV<lambda_ad1ced32f4ac17aa236e5ef05d6b3b7c>@@V<lambda_f7424dd8d45958661754dc4f2697e9c3>@@@?$__crt_seh_guarded_call@X@@QEAAX$$QEAV<lambda_99476a1ad63dd22509b5d3e65b0ffc95>@@AEAV<lambda_ad1ced32f4ac17aa236e5ef05d6b3b7c>@@$$QEAV<lambda_f7424dd8d45958661754dc4f2697e9c3>@@@Z@4HA 0000000180025248     libucrt:mbctype.obj
 0004:00001248       $pdata$?fin$0@?0???$?RV<lambda_46352004c1216016012b18bd6f87e700>@@AEAV<lambda_3bd07e1a1191394380780325891bf33f>@@V<lambda_334532d3f185bcaa59b5be82d7d22bff>@@@?$__crt_seh_guarded_call@X@@QEAAX$$QEAV<lambda_46352004c1216016012b18bd6f87e700>@@AEAV<lambda_3bd07e1a1191394380780325891bf33f>@@$$QEAV<lambda_334532d3f185bcaa59b5be82d7d22bff>@@@Z@4HA 0000000180025248     libucrt:per_thread_data.obj
 0004:00001248       $pdata$?fin$0@?0???$?RV<lambda_fb3a7dec4e47f37f22dae91bb15c9095>@@AEAV<lambda_698284760c8add0bfb0756c19673e34b>@@V<lambda_dfb8eca1e75fef3034a8fb18dd509707>@@@?$__crt_seh_guarded_call@X@@QEAAX$$QEAV<lambda_fb3a7dec4e47f37f22dae91bb15c9095>@@AEAV<lambda_698284760c8add0bfb0756c19673e34b>@@$$QEAV<lambda_dfb8eca1e75fef3034a8fb18dd509707>@@@Z@4HA 0000000180025248     libucrt:per_thread_data.obj
 0004:00001248       $pdata$?fin$0@?0???$?RV<lambda_b8c45f8f788dd370798f47cfe8ac3a86>@@AEAV<lambda_4e60a939b0d047cfe11ddc22648dfba9>@@V<lambda_332c3edc96d0294ec56c57d38c1cdfd5>@@@?$__crt_seh_guarded_call@H@@QEAAH$$QEAV<lambda_b8c45f8f788dd370798f47cfe8ac3a86>@@AEAV<lambda_4e60a939b0d047cfe11ddc22648dfba9>@@$$QEAV<lambda_332c3edc96d0294ec56c57d38c1cdfd5>@@@Z@4HA 0000000180025248     libucrt:onexit.obj
 0004:00001254       $pdata$?fin$0@?0???$?RV<lambda_e24bbb7b643b32fcea6fa61b31d4c984>@@AEAV<lambda_275893d493268fdec8709772e3fcec0e>@@V<lambda_9d71df4d7cf3f480f8d633942495c3b0>@@@?$__crt_seh_guarded_call@H@@QEAAH$$QEAV<lambda_e24bbb7b643b32fcea6fa61b31d4c984>@@AEAV<lambda_275893d493268fdec8709772e3fcec0e>@@$$QEAV<lambda_9d71df4d7cf3f480f8d633942495c3b0>@@@Z@4HA 0000000180025254     libucrt:onexit.obj
 0004:00001260       $pdata$__acrt_lowio_ensure_fh_exists$fin$0 0000000180025260     libucrt:osfinfo.obj
 0004:00001260       $pdata$__acrt_initialize_lowio$fin$0 0000000180025260     libucrt:ioinit.obj
 0004:0000126c       $pdata$__acrt_update_thread_multibyte_data$fin$0 000000018002526c     libucrt:mbctype.obj
 0004:00001278       $pdata$raise$fin$0         0000000180025278     libucrt:signal.obj
 0004:00001284       $pdata$__acrt_uninitialize_locale$fin$0 0000000180025284     libucrt:wsetlocale.obj
 0004:00001284       $pdata$__acrt_update_thread_locale_data$fin$0 0000000180025284     libucrt:locale_refcounting.obj
 0004:00001290       $pdata$_fcloseall$fin$0    0000000180025290     libucrt:closeall.obj
 0004:0000129c       $pdata$common_flush_all$fin$0 000000018002529c     libucrt:fflush.obj
 0004:000012a8       $pdata$common_flush_all$fin$1 00000001800252a8     libucrt:fflush.obj
 0004:000012b4       $pdata$_write$fin$0        00000001800252b4     libucrt:write.obj
 0004:000012c0       $pdata$fclose$fin$0        00000001800252c0     libucrt:fclose.obj
 0004:000012cc       $pdata$?fin$0@?0???$?RV<lambda_b521505b218e5242e90febf6bfebc422>@@AEAV<lambda_6978c1fb23f02e42e1d9e99668cc68aa>@@V<lambda_314360699dd331753a4119843814e9a7>@@@?$__crt_seh_guarded_call@H@@QEAAH$$QEAV<lambda_b521505b218e5242e90febf6bfebc422>@@AEAV<lambda_6978c1fb23f02e42e1d9e99668cc68aa>@@$$QEAV<lambda_314360699dd331753a4119843814e9a7>@@@Z@4HA 00000001800252cc     libucrt:commit.obj
 0004:000012cc       $pdata$?fin$0@?0???$?RV<lambda_bfedae4ebbf01fab1bb6dcc6a9e276e0>@@AEAV<lambda_2fe9b910cf3cbf4a0ab98a02ba45b3ec>@@V<lambda_237c231691f317818eb88cc1d5d642d6>@@@?$__crt_seh_guarded_call@H@@QEAAH$$QEAV<lambda_bfedae4ebbf01fab1bb6dcc6a9e276e0>@@AEAV<lambda_2fe9b910cf3cbf4a0ab98a02ba45b3ec>@@$$QEAV<lambda_237c231691f317818eb88cc1d5d642d6>@@@Z@4HA 00000001800252cc     libucrt:close.obj
 0004:000012d8       $pdata$common_control87$filt$0 00000001800252d8     libucrt:ieee.obj
 0004:000012d8       $pdata$_ctrlfp$filt$0      00000001800252d8     libucrt:fpctrl.obj
 0004:000012e4       $pdata$_IsNonwritableInCurrentImage$filt$0 00000001800252e4     LIBCMT:pesect.obj
 0004:000012f0       $pdata$??__FemptyString@?1??convertToString@@YA?AV?$basic_string@DU?$char_traits@D@std@@V?$allocator@D@2@@std@@AEBV?$Local@VValue@v8@@@v8@@@Z@YAXXZ 00000001800252f0     rfcio.obj
 0005:00000000       __guard_fids__             0000000180026000     libucrt:initialization.obj
 0005:00000060       __guard_fids___acrt_initialize_ptd 0000000180026060     libucrt:per_thread_data.obj
 0005:00000064       __guard_fids__             0000000180026064     libucrt:stdio_initializer.obj
 0005:00000068       __guard_fids__             0000000180026068     libucrt:stdio_initializer.obj
 0005:0000006c       __guard_fids__             000000018002606c     libucrt:locale_initializer.obj
 0005:00000070       __guard_fids__             0000000180026070     libucrt:multibyte_initializer.obj
 0005:00000074       __guard_fids__             0000000180026074     libucrt:fma3_initializer.obj
 0005:00000078       __guard_fids__             0000000180026078     libucrt:console_output_initializer.obj
 0005:0000007c       __guard_fids__             000000018002607c     libcpmt:xthrow.obj
 0005:00000084       __guard_fids__             0000000180026084     libcpmt:xthrow.obj
 0005:0000008c       __guard_fids__             000000018002608c     libcpmt:xthrow.obj
 0005:00000094       __guard_fids__             0000000180026094     libcpmt:xthrow.obj
 0005:0000009c       __guard_fids__             000000018002609c     libcpmt:xthrow.obj
 0005:000000a4       __guard_fids__             00000001800260a4     LIBCMT:thread_safe_statics.obj
 0005:000000a8       __guard_fids_?__scrt_initialize_thread_safe_statics@@YAHXZ 00000001800260a8     LIBCMT:thread_safe_statics.obj
 0005:000000ac       __guard_fids_?dllmain_crt_process_attach@@YAHQEAUHINSTANCE__@@QEAX@Z 00000001800260ac     LIBCMT:dll_dllmain.obj
 0005:000000b4       __guard_fids_?dllmain_dispatch@@YAHQEAUHINSTANCE__@@KQEAX@Z 00000001800260b4     LIBCMT:dll_dllmain.obj
 0005:000000b8       __guard_fids__             00000001800260b8     LIBCMT:std_type_info_static.obj
 0005:000000bc       __guard_fids__             00000001800260bc     LIBCMT:throw_bad_alloc.obj
 0005:000000c4       __guard_fids__             00000001800260c4     LIBCMT:guard_support.obj
 0005:000000c8       __guard_fids__             00000001800260c8     libvcruntime:telemetry.obj
 0005:000000cc       __guard_fids_?TraceLoggingRegister@__vcrt_trace_logging_provider@@YAJPEBU_TlgProvider_t@1@PEBU_GUID@@P6AX1KE_K2PEAU_EVENT_FILTER_DESCRIPTOR@@PEAX@Z4@Z 00000001800260cc     libvcruntime:telemetry.obj
 0005:000000d0       __guard_fids___vcrt_initialize_ptd 00000001800260d0     libvcruntime:per_thread_data.obj
 0007:00000060       $R000000                   0000000180028060     * linker generated manifest res *

 Exports

  ordinal    name

        1    _register_rfc_
